Component: ARM Compiler 5.06 update 7 (build 960) Tool: armlink [4d3601]

==============================================================================

Section Cross References

    startup_stm32f103xb.o(STACK) refers (Special) to heapauxi.o(.text) for __use_two_region_memory
    startup_stm32f103xb.o(HEAP) refers (Special) to heapauxi.o(.text) for __use_two_region_memory
    startup_stm32f103xb.o(RESET) refers (Special) to heapauxi.o(.text) for __use_two_region_memory
    startup_stm32f103xb.o(RESET) refers to startup_stm32f103xb.o(STACK) for __initial_sp
    startup_stm32f103xb.o(RESET) refers to startup_stm32f103xb.o(.text) for Reset_Handler
    startup_stm32f103xb.o(RESET) refers to stm32f1xx_it.o(i.NMI_Handler) for NMI_Handler
    startup_stm32f103xb.o(RESET) refers to stm32f1xx_it.o(i.HardFault_Handler) for HardFault_Handler
    startup_stm32f103xb.o(RESET) refers to stm32f1xx_it.o(i.MemManage_Handler) for MemManage_Handler
    startup_stm32f103xb.o(RESET) refers to stm32f1xx_it.o(i.BusFault_Handler) for BusFault_Handler
    startup_stm32f103xb.o(RESET) refers to stm32f1xx_it.o(i.UsageFault_Handler) for UsageFault_Handler
    startup_stm32f103xb.o(RESET) refers to stm32f1xx_it.o(i.SVC_Handler) for SVC_Handler
    startup_stm32f103xb.o(RESET) refers to stm32f1xx_it.o(i.DebugMon_Handler) for DebugMon_Handler
    startup_stm32f103xb.o(RESET) refers to stm32f1xx_it.o(i.PendSV_Handler) for PendSV_Handler
    startup_stm32f103xb.o(RESET) refers to stm32f1xx_it.o(i.SysTick_Handler) for SysTick_Handler
    startup_stm32f103xb.o(RESET) refers to stm32f1xx_it.o(i.USART1_IRQHandler) for USART1_IRQHandler
    startup_stm32f103xb.o(.text) refers (Special) to heapauxi.o(.text) for __use_two_region_memory
    startup_stm32f103xb.o(.text) refers to system_stm32f1xx.o(i.SystemInit) for SystemInit
    startup_stm32f103xb.o(.text) refers to __main.o(!!!main) for __main
    startup_stm32f103xb.o(.text) refers to startup_stm32f103xb.o(HEAP) for Heap_Mem
    startup_stm32f103xb.o(.text) refers to startup_stm32f103xb.o(STACK) for Stack_Mem
    ds18b20.o(i.DS18B20_GetTemperature) refers to ds18b20.o(i.DS18B20_StartConversion) for DS18B20_StartConversion
    ds18b20.o(i.DS18B20_GetTemperature) refers to stm32f1xx_hal.o(i.HAL_Delay) for HAL_Delay
    ds18b20.o(i.DS18B20_GetTemperature) refers to ds18b20.o(i.DS18B20_ReadResult) for DS18B20_ReadResult
    ds18b20.o(i.DS18B20_Init) refers to ds18b20.o(i.DS18B20_SetHigh) for DS18B20_SetHigh
    ds18b20.o(i.DS18B20_Init) refers to stm32f1xx_hal.o(i.HAL_Delay) for HAL_Delay
    ds18b20.o(i.DS18B20_Init) refers to ds18b20.o(i.DS18B20_ResetPulse) for DS18B20_ResetPulse
    ds18b20.o(i.DS18B20_ReadByte) refers to ds18b20.o(i.DS18B20_SetLow) for DS18B20_SetLow
    ds18b20.o(i.DS18B20_ReadByte) refers to ds18b20.o(i.delay_us) for delay_us
    ds18b20.o(i.DS18B20_ReadByte) refers to ds18b20.o(i.DS18B20_SetHigh) for DS18B20_SetHigh
    ds18b20.o(i.DS18B20_ReadByte) refers to ds18b20.o(i.DS18B20_ReadPin) for DS18B20_ReadPin
    ds18b20.o(i.DS18B20_ReadPin) refers to stm32f1xx_hal_gpio.o(i.HAL_GPIO_Init) for HAL_GPIO_Init
    ds18b20.o(i.DS18B20_ReadPin) refers to stm32f1xx_hal_gpio.o(i.HAL_GPIO_ReadPin) for HAL_GPIO_ReadPin
    ds18b20.o(i.DS18B20_ReadResult) refers to ds18b20.o(i.DS18B20_ResetPulse) for DS18B20_ResetPulse
    ds18b20.o(i.DS18B20_ReadResult) refers to ds18b20.o(i.DS18B20_WriteByte) for DS18B20_WriteByte
    ds18b20.o(i.DS18B20_ReadResult) refers to ds18b20.o(i.DS18B20_ReadByte) for DS18B20_ReadByte
    ds18b20.o(i.DS18B20_ReadResult) refers to fflt_clz.o(x$fpl$fflt) for __aeabi_i2f
    ds18b20.o(i.DS18B20_ReadResult) refers to scalbnf.o(x$fpl$scalbnf) for __ARM_scalbnf
    ds18b20.o(i.DS18B20_ResetPulse) refers to ds18b20.o(i.DS18B20_SetLow) for DS18B20_SetLow
    ds18b20.o(i.DS18B20_ResetPulse) refers to ds18b20.o(i.delay_us) for delay_us
    ds18b20.o(i.DS18B20_ResetPulse) refers to ds18b20.o(i.DS18B20_SetHigh) for DS18B20_SetHigh
    ds18b20.o(i.DS18B20_ResetPulse) refers to ds18b20.o(i.DS18B20_ReadPin) for DS18B20_ReadPin
    ds18b20.o(i.DS18B20_SetHigh) refers to stm32f1xx_hal_gpio.o(i.HAL_GPIO_Init) for HAL_GPIO_Init
    ds18b20.o(i.DS18B20_SetHigh) refers to stm32f1xx_hal_gpio.o(i.HAL_GPIO_WritePin) for HAL_GPIO_WritePin
    ds18b20.o(i.DS18B20_SetLow) refers to stm32f1xx_hal_gpio.o(i.HAL_GPIO_Init) for HAL_GPIO_Init
    ds18b20.o(i.DS18B20_SetLow) refers to stm32f1xx_hal_gpio.o(i.HAL_GPIO_WritePin) for HAL_GPIO_WritePin
    ds18b20.o(i.DS18B20_StartConversion) refers to ds18b20.o(i.DS18B20_ResetPulse) for DS18B20_ResetPulse
    ds18b20.o(i.DS18B20_StartConversion) refers to ds18b20.o(i.DS18B20_WriteByte) for DS18B20_WriteByte
    ds18b20.o(i.DS18B20_WriteByte) refers to ds18b20.o(i.DS18B20_SetLow) for DS18B20_SetLow
    ds18b20.o(i.DS18B20_WriteByte) refers to ds18b20.o(i.delay_us) for delay_us
    ds18b20.o(i.DS18B20_WriteByte) refers to ds18b20.o(i.DS18B20_SetHigh) for DS18B20_SetHigh
[...]
    _printf_lli                              0x080001ad   Thumb Code     0  _printf_lli.o(.ARM.Collect$$_printf_percent$$0000000D)
    _printf_lld                              0x080001b3   Thumb Code     0  _printf_lld.o(.ARM.Collect$$_printf_percent$$0000000E)
    _printf_llu                              0x080001b9   Thumb Code     0  _printf_llu.o(.ARM.Collect$$_printf_percent$$0000000F)
    _printf_llo                              0x080001bf   Thumb Code     0  _printf_llo.o(.ARM.Collect$$_printf_percent$$00000010)
    _printf_llx                              0x080001c5   Thumb Code     0  _printf_llx.o(.ARM.Collect$$_printf_percent$$00000011)
    _printf_l                                0x080001cb   Thumb Code     0  _printf_l.o(.ARM.Collect$$_printf_percent$$00000012)
    _printf_c                                0x080001d5   Thumb Code     0  _printf_c.o(.ARM.Collect$$_printf_percent$$00000013)
    _printf_s                                0x080001db   Thumb Code     0  _printf_s.o(.ARM.Collect$$_printf_percent$$00000014)
    _printf_lc                               0x080001e1   Thumb Code     0  _printf_lc.o(.ARM.Collect$$_printf_percent$$00000015)
    _printf_ls                               0x080001e7   Thumb Code     0  _printf_ls.o(.ARM.Collect$$_printf_percent$$00000016)
    _printf_percent_end                      0x080001ed   Thumb Code     0  _printf_percent_end.o(.ARM.Collect$$_printf_percent$$00000017)
    __rt_lib_init                            0x080001f1   Thumb Code     0  libinit.o(.ARM.Collect$$libinit$$00000000)
    __rt_lib_init_fp_1                       0x080001f3   Thumb Code     0  libinit2.o(.ARM.Collect$$libinit$$00000002)
    __rt_lib_init_heap_1                     0x080001f3   Thumb Code     0  libinit2.o(.ARM.Collect$$libinit$$0000000A)
    __rt_lib_init_lc_common                  0x080001f3   Thumb Code     0  libinit2.o(.ARM.Collect$$libinit$$0000000F)
    __rt_lib_init_preinit_1                  0x080001f3   Thumb Code     0  libinit2.o(.ARM.Collect$$libinit$$00000004)
    __rt_lib_init_rand_1                     0x080001f3   Thumb Code     0  libinit2.o(.ARM.Collect$$libinit$$0000000E)
    __rt_lib_init_user_alloc_1               0x080001f3   Thumb Code     0  libinit2.o(.ARM.Collect$$libinit$$0000000C)
    __rt_lib_init_lc_collate_1               0x080001f9   Thumb Code     0  libinit2.o(.ARM.Collect$$libinit$$00000011)
    __rt_lib_init_lc_ctype_2                 0x080001f9   Thumb Code     0  libinit2.o(.ARM.Collect$$libinit$$00000012)
    __rt_lib_init_lc_ctype_1                 0x08000205   Thumb Code     0  libinit2.o(.ARM.Collect$$libinit$$00000013)
    __rt_lib_init_lc_monetary_1              0x08000205   Thumb Code     0  libinit2.o(.ARM.Collect$$libinit$$00000015)
    __rt_lib_init_lc_numeric_2               0x08000205   Thumb Code     0  libinit2.o(.ARM.Collect$$libinit$$00000016)
    __rt_lib_init_alloca_1                   0x0800020f   Thumb Code     0  libinit2.o(.ARM.Collect$$libinit$$0000002E)
    __rt_lib_init_argv_1                     0x0800020f   Thumb Code     0  libinit2.o(.ARM.Collect$$libinit$$0000002C)
    __rt_lib_init_atexit_1                   0x0800020f   Thumb Code     0  libinit2.o(.ARM.Collect$$libinit$$0000001B)
    __rt_lib_init_clock_1                    0x0800020f   Thumb Code     0  libinit2.o(.ARM.Collect$$libinit$$00000021)
    __rt_lib_init_cpp_1                      0x0800020f   Thumb Code     0  libinit2.o(.ARM.Collect$$libinit$$00000032)
    __rt_lib_init_exceptions_1               0x0800020f   Thumb Code     0  libinit2.o(.ARM.Collect$$libinit$$00000030)
    __rt_lib_init_fp_trap_1                  0x0800020f   Thumb Code     0  libinit2.o(.ARM.Collect$$libinit$$0000001F)
    __rt_lib_init_getenv_1                   0x0800020f   Thumb Code     0  libinit2.o(.ARM.Collect$$libinit$$00000023)
    __rt_lib_init_lc_numeric_1               0x0800020f   Thumb Code     0  libinit2.o(.ARM.Collect$$libinit$$00000017)
    __rt_lib_init_lc_time_1                  0x0800020f   Thumb Code     0  libinit2.o(.ARM.Collect$$libinit$$00000019)
    __rt_lib_init_return                     0x0800020f   Thumb Code     0  libinit2.o(.ARM.Collect$$libinit$$00000033)
    __rt_lib_init_signal_1                   0x0800020f   Thumb Code     0  libinit2.o(.ARM.Collect$$libinit$$0000001D)
    __rt_lib_init_stdio_1                    0x0800020f   Thumb Code     0  libinit2.o(.ARM.Collect$$libinit$$00000025)
    __rt_lib_shutdown                        0x08000211   Thumb Code     0  libshutdown.o(.ARM.Collect$$libshutdown$$00000000)
    __rt_lib_shutdown_cpp_1                  0x08000213   Thumb Code     0  libshutdown2.o(.ARM.Collect$$libshutdown$$00000004)
    __rt_lib_shutdown_fini_1                 0x08000213   Thumb Code     0  libshutdown2.o(.ARM.Collect$$libshutdown$$00000002)
    __rt_lib_shutdown_fp_trap_1              0x08000213   Thumb Code     0  libshutdown2.o(.ARM.Collect$$libshutdown$$00000009)
    __rt_lib_shutdown_heap_1                 0x08000213   Thumb Code     0  libshutdown2.o(.ARM.Collect$$libshutdown$$00000011)
    __rt_lib_shutdown_return                 0x08000213   Thumb Code     0  libshutdown2.o(.ARM.Collect$$libshutdown$$00000012)
    __rt_lib_shutdown_signal_1               0x08000213   Thumb Code     0  libshutdown2.o(.ARM.Collect$$libshutdown$$0000000C)
    __rt_lib_shutdown_stdio_1                0x08000213   Thumb Code     0  libshutdown2.o(.ARM.Collect$$libshutdown$$00000006)
    __rt_lib_shutdown_user_alloc_1           0x08000213   Thumb Code     0  libshutdown2.o(.ARM.Collect$$libshutdown$$0000000E)
    __rt_entry                               0x08000215   Thumb Code     0  __rtentry.o(.ARM.Collect$$rtentry$$00000000)
    __rt_entry_presh_1                       0x08000215   Thumb Code     0  __rtentry2.o(.ARM.Collect$$rtentry$$00000002)
    __rt_entry_sh                            0x08000215   Thumb Code     0  __rtentry4.o(.ARM.Collect$$rtentry$$00000004)
    __rt_entry_li                            0x0800021b   Thumb Code     0  __rtentry2.o(.ARM.Collect$$rtentry$$0000000A)
    __rt_entry_postsh_1                      0x0800021b   Thumb Code     0  __rtentry2.o(.ARM.Collect$$rtentry$$00000009)
    __rt_entry_main                          0x0800021f   Thumb Code     0  __rtentry2.o(.ARM.Collect$$rtentry$$0000000D)
    __rt_entry_postli_1                      0x0800021f   Thumb Code     0  __rtentry2.o(.ARM.Collect$$rtentry$$0000000C)
    __rt_exit                                0x08000227   Thumb Code     0  rtexit.o(.ARM.Collect$$rtexit$$00000000)
    __rt_exit_ls                             0x08000229   Thumb Code     0  rtexit2.o(.ARM.Collect$$rtexit$$00000003)
    __rt_exit_prels_1                        0x08000229   Thumb Code     0  rtexit2.o(.ARM.Collect$$rtexit$$00000002)
    __rt_exit_exit                           0x0800022d   Thumb Code     0  rtexit2.o(.ARM.Collect$$rtexit$$00000004)
    Reset_Handler                            0x08000235   Thumb Code     8  startup_stm32f103xb.o(.text)
    ADC1_2_IRQHandler                        0x0800024f   Thumb Code     0  startup_stm32f103xb.o(.text)
    CAN1_RX1_IRQHandler                      0x0800024f   Thumb Code     0  startup_stm32f103xb.o(.text)
    CAN1_SCE_IRQHandler                      0x0800024f   Thumb Code     0  startup_stm32f103xb.o(.text)
    DMA1_Channel1_IRQHandler                 0x0800024f   Thumb Code     0  startup_stm32f103xb.o(.text)
    DMA1_Channel2_IRQHandler                 0x0800024f   Thumb Code     0  startup_stm32f103xb.o(.text)
    DMA1_Channel3_IRQHandler                 0x0800024f   Thumb Code     0  startup_stm32f103xb.o(.text)
    DMA1_Channel4_IRQHandler                 0x0800024f   Thumb Code     0  startup_stm32f103xb.o(.text)
    DMA1_Channel5_IRQHandler                 0x0800024f   Thumb Code     0  startup_stm32f103xb.o(.text)
    DMA1_Channel6_IRQHandler                 0x0800024f   Thumb Code     0  startup_stm32f103xb.o(.text)
    DMA1_Channel7_IRQHandler                 0x0800024f   Thumb Code     0  startup_stm32f103xb.o(.text)
    EXTI0_IRQHandler                         0x0800024f   Thumb Code     0  startup_stm32f103xb.o(.text)
    EXTI15_10_IRQHandler                     0x0800024f   Thumb Code     0  startup_stm32f103xb.o(.text)
    EXTI1_IRQHandler                         0x0800024f   Thumb Code     0  startup_stm32f103xb.o(.text)
    EXTI2_IRQHandler                         0x0800024f   Thumb Code     0  startup_stm32f103xb.o(.text)
    EXTI3_IRQHandler                         0x0800024f   Thumb Code     0  startup_stm32f103xb.o(.text)
    EXTI4_IRQHandler                         0x0800024f   Thumb Code     0  startup_stm32f103xb.o(.text)
    EXTI9_5_IRQHandler                       0x0800024f   Thumb Code     0  startup_stm32f103xb.o(.text)
    FLASH_IRQHandler                         0x0800024f   Thumb Code     0  startup_stm32f103xb.o(.text)
    I2C1_ER_IRQHandler                       0x0800024f   Thumb Code     0  startup_stm32f103xb.o(.text)
    I2C1_EV_IRQHandler                       0x0800024f   Thumb Code     0  startup_stm32f103xb.o(.text)
    I2C2_ER_IRQHandler                       0x0800024f   Thumb Code     0  startup_stm32f103xb.o(.text)
    I2C2_EV_IRQHandler                       0x0800024f   Thumb Code     0  startup_stm32f103xb.o(.text)
    PVD_IRQHandler                           0x0800024f   Thumb Code     0  startup_stm32f103xb.o(.text)
    RCC_IRQHandler                           0x0800024f   Thumb Code     0  startup_stm32f103xb.o(.text)
    RTC_Alarm_IRQHandler                     0x0800024f   Thumb Code     0  startup_stm32f103xb.o(.text)
    RTC_IRQHandler                           0x0800024f   Thumb Code     0  startup_stm32f103xb.o(.text)
    SPI1_IRQHandler                          0x0800024f   Thumb Code     0  startup_stm32f103xb.o(.text)
    SPI2_IRQHandler                          0x0800024f   Thumb Code     0  startup_stm32f103xb.o(.text)
    TAMPER_IRQHandler                        0x0800024f   Thumb Code     0  startup_stm32f103xb.o(.text)
    TIM1_BRK_IRQHandler                      0x0800024f   Thumb Code     0  startup_stm32f103xb.o(.text)
    TIM1_CC_IRQHandler                       0x0800024f   Thumb Code     0  startup_stm32f103xb.o(.text)
    TIM1_TRG_COM_IRQHandler                  0x0800024f   Thumb Code     0  startup_stm32f103xb.o(.text)
    TIM1_UP_IRQHandler                       0x0800024f   Thumb Code     0  startup_stm32f103xb.o(.text)
    TIM2_IRQHandler                          0x0800024f   Thumb Code     0  startup_stm32f103xb.o(.text)
    TIM3_IRQHandler                          0x0800024f   Thumb Code     0  startup_stm32f103xb.o(.text)
    TIM4_IRQHandler                          0x0800024f   Thumb Code     0  startup_stm32f103xb.o(.text)
    USART2_IRQHandler                        0x0800024f   Thumb Code     0  startup_stm32f103xb.o(.text)
    USART3_IRQHandler                        0x0800024f   Thumb Code     0  startup_stm32f103xb.o(.text)
    USBWakeUp_IRQHandler                     0x0800024f   Thumb Code     0  startup_stm32f103xb.o(.text)
    USB_HP_CAN1_TX_IRQHandler                0x0800024f   Thumb Code     0  startup_stm32f103xb.o(.text)
    USB_LP_CAN1_RX0_IRQHandler               0x0800024f   Thumb Code     0  startup_stm32f103xb.o(.text)
    WWDG_IRQHandler                          0x0800024f   Thumb Code     0  startup_stm32f103xb.o(.text)
    __user_initial_stackheap                 0x08000251   Thumb Code     0  startup_stm32f103xb.o(.text)
    vsnprintf                                0x08000275   Thumb Code    48  vsnprintf.o(.text)
    __2snprintf                              0x080002a9   Thumb Code    50  __2snprintf.o(.text)
    _printf_pre_padding                      0x080002e1   Thumb Code    44  _printf_pad.o(.text)
    _printf_post_padding                     0x0800030d   Thumb Code    34  _printf_pad.o(.text)
    _printf_int_dec                          0x08000331   Thumb Code   104  _printf_dec.o(.text)
    __printf                                 0x080003a9   Thumb Code   388  __printf_flags_ss_wp.o(.text)
    strncmp                                  0x08000531   Thumb Code   150  strncmp.o(.text)
    __aeabi_memclr                           0x080005c7   Thumb Code     0  rt_memclr.o(.text)
    __rt_memclr                              0x080005c7   Thumb Code    68  rt_memclr.o(.text)
    _memset                                  0x080005cb   Thumb Code     0  rt_memclr.o(.text)
    __aeabi_memclr4                          0x0800060b   Thumb Code     0  rt_memclr_w.o(.text)
    __aeabi_memclr8                          0x0800060b   Thumb Code     0  rt_memclr_w.o(.text)
    __rt_memclr_w                            0x0800060b   Thumb Code    78  rt_memclr_w.o(.text)
    _memset_w                                0x0800060f   Thumb Code     0  rt_memclr_w.o(.text)
    __use_two_region_memory                  0x08000659   Thumb Code     2  heapauxi.o(.text)
    __rt_heap_escrow$2region                 0x0800065b   Thumb Code     2  heapauxi.o(.text)
    __rt_heap_expand$2region                 0x0800065d   Thumb Code     2  heapauxi.o(.text)
    __read_errno                             0x0800065f   Thumb Code    10  _rserrno.o(.text)
    __set_errno                              0x08000669   Thumb Code    12  _rserrno.o(.text)
    _printf_truncate_signed                  0x08000675   Thumb Code    18  _printf_truncate.o(.text)
    _printf_truncate_unsigned                0x08000687   Thumb Code    18  _printf_truncate.o(.text)
    _printf_str                              0x08000699   Thumb Code    82  _printf_str.o(.text)
    _printf_int_common                       0x080006eb   Thumb Code   178  _printf_intcommon.o(.text)
    _printf_charcount                        0x0800079d   Thumb Code    40  _printf_charcount.o(.text)
    __lib_sel_fp_printf                      0x080007c5   Thumb Code     2  _printf_fp_dec.o(.text)
    _printf_fp_dec_real                      0x08000977   Thumb Code   620  _printf_fp_dec.o(.text)
    _printf_char_common                      0x08000bef   Thumb Code    32  _printf_char_common.o(.text)
    _sputc                                   0x08000c15   Thumb Code    10  _sputc.o(.text)
    _snputc                                  0x08000c1f   Thumb Code    16  _snputc.o(.text)
    _printf_wctomb                           0x08000c31   Thumb Code   182  _printf_wctomb.o(.text)
    _printf_longlong_dec                     0x08000ced   Thumb Code   108  _printf_longlong_dec.o(.text)
    _printf_longlong_oct                     0x08000d69   Thumb Code    66  _printf_oct_int_ll.o(.text)
    _printf_int_oct                          0x08000dab   Thumb Code    24  _printf_oct_int_ll.o(.text)
    _printf_ll_oct                           0x08000dc3   Thumb Code    12  _printf_oct_int_ll.o(.text)
    _printf_longlong_hex                     0x08000dd9   Thumb Code    86  _printf_hex_int_ll_ptr.o(.text)
    _printf_int_hex                          0x08000e2f   Thumb Code    28  _printf_hex_int_ll_ptr.o(.text)
    _printf_ll_hex                           0x08000e4b   Thumb Code    12  _printf_hex_int_ll_ptr.o(.text)
    _printf_hex_ptr                          0x08000e57   Thumb Code    18  _printf_hex_int_ll_ptr.o(.text)
    __strtod_int                             0x08000ea9   Thumb Code    90  strtod.o(.text)
    __rt_locale                              0x08000f11   Thumb Code     8  rt_locale_intlibspace.o(.text)
    __aeabi_errno_addr                       0x08000f19   Thumb Code     8  rt_errno_addr_intlibspace.o(.text)
    __errno$intlibspace                      0x08000f19   Thumb Code     0  rt_errno_addr_intlibspace.o(.text)
    __rt_errno_addr$intlibspace              0x08000f19   Thumb Code     0  rt_errno_addr_intlibspace.o(.text)
    _ll_udiv10                               0x08000f21   Thumb Code   138  lludiv10.o(.text)
    isspace                                  0x08000fab   Thumb Code    18  isspace.o(.text)
    _printf_fp_hex_real                      0x08000fbd   Thumb Code   756  _printf_fp_hex.o(.text)
    _printf_fp_infnan                        0x080012b9   Thumb Code   112  _printf_fp_infnan.o(.text)
    _printf_cs_common                        0x08001339   Thumb Code    20  _printf_char.o(.text)
    _printf_char                             0x0800134d   Thumb Code    16  _printf_char.o(.text)
    _printf_string                           0x0800135d   Thumb Code     8  _printf_char.o(.text)
    _printf_lcs_common                       0x08001365   Thumb Code    20  _printf_wchar.o(.text)
    _printf_wchar                            0x08001379   Thumb Code    16  _printf_wchar.o(.text)
    _printf_wstring                          0x08001389   Thumb Code     8  _printf_wchar.o(.text)
    _sgetc                                   0x08001391   Thumb Code    30  _sgetc.o(.text)
    _sbackspace                              0x080013af   Thumb Code    34  _sgetc.o(.text)
    _btod_etento                             0x080013d1   Thumb Code   224  bigflt0.o(.text)
    _wcrtomb                                 0x080014b5   Thumb Code    64  _wcrtomb.o(.text)
    __user_libspace                          0x080014f5   Thumb Code     8  libspace.o(.text)
    __user_perproc_libspace                  0x080014f5   Thumb Code     0  libspace.o(.text)
    __user_perthread_libspace                0x080014f5   Thumb Code     0  libspace.o(.text)
    __user_setup_stackheap                   0x080014fd   Thumb Code    74  sys_stackheap_outer.o(.text)
    __rt_ctype_table                         0x08001549   Thumb Code    16  rt_ctype_table.o(.text)
    _scanf_really_real                       0x080017a5   Thumb Code   684  scanf_fp.o(.text)
    exit                                     0x08001a51   Thumb Code    18  exit.o(.text)
    strcmp                                   0x08001a65   Thumb Code   128  strcmpv7m.o(.text)
    _scanf_really_hex_real                   0x08001ae5   Thumb Code   786  scanf_hexfp.o(.text)
    _scanf_really_infnan                     0x08001e05   Thumb Code   292  scanf_infnan.o(.text)
    _sys_exit                                0x08001f39   Thumb Code     8  sys_exit.o(.text)
    __aeabi_llsl                             0x08001f45   Thumb Code     0  llshl.o(.text)
    _ll_shift_l                              0x08001f45   Thumb Code    38  llshl.o(.text)
    _chval                                   0x08001f6b   Thumb Code    28  _chval.o(.text)
    __I$use$semihosting                      0x08001f87   Thumb Code     0  use_no_semi.o(.text)
    __use_no_semihosting_swi                 0x08001f87   Thumb Code     2  use_no_semi.o(.text)
    __semihosting_library_function           0x08001f89   Thumb Code     0  indicate_semi.o(.text)
    _btod_d2e                                0x08001f89   Thumb Code    62  btod.o(CL$$btod_d2e)
    _d2e_denorm_low                          0x08001fc7   Thumb Code    70  btod.o(CL$$btod_d2e_denorm_low)
    _d2e_norm_op1                            0x0800200d   Thumb Code    96  btod.o(CL$$btod_d2e_norm_op1)
    __btod_div_common                        0x0800206d   Thumb Code   696  btod.o(CL$$btod_div_common)
    _e2d                                     0x080023a5   Thumb Code   122  btod.o(CL$$btod_e2d)
    _e2e                                     0x08002429   Thumb Code   220  btod.o(CL$$btod_e2e)
    _btod_ediv                               0x08002505   Thumb Code    42  btod.o(CL$$btod_ediv)
    _btod_edivd                              0x0800252f   Thumb Code    42  btod.o(CL$$btod_edivd)
    _btod_emul                               0x08002559   Thumb Code    42  btod.o(CL$$btod_emul)
    _btod_emuld                              0x08002583   Thumb Code    42  btod.o(CL$$btod_emuld)
    __btod_mult_common                       0x080025ad   Thumb Code   580  btod.o(CL$$btod_mult_common)
    BusFault_Handler                         0x08002849   Thumb Code     2  stm32f1xx_it.o(i.BusFault_Handler)
    Control_Init                             0x0800284d   Thumb Code    32  control.o(i.Control_Init)
    Control_ProcessOutput                    0x08002871   Thumb Code   136  control.o(i.Control_ProcessOutput)
    Control_SetPower                         0x08002909   Thumb Code    58  control.o(i.Control_SetPower)
    Control_Stop                             0x08002949   Thumb Code    24  control.o(i.Control_Stop)
    DS18B20_Init                             0x08002965   Thumb Code    52  ds18b20.o(i.DS18B20_Init)
    DS18B20_ReadByte                         0x080029a1   Thumb Code    64  ds18b20.o(i.DS18B20_ReadByte)
    DS18B20_ReadPin                          0x080029e1   Thumb Code    36  ds18b20.o(i.DS18B20_ReadPin)
    DS18B20_ReadResult                       0x08002a09   Thumb Code    50  ds18b20.o(i.DS18B20_ReadResult)
    DS18B20_ResetPulse                       0x08002a3b   Thumb Code    48  ds18b20.o(i.DS18B20_ResetPulse)
    DS18B20_SetHigh                          0x08002a6d   Thumb Code    36  ds18b20.o(i.DS18B20_SetHigh)
    DS18B20_SetLow                           0x08002a95   Thumb Code    36  ds18b20.o(i.DS18B20_SetLow)
    DS18B20_StartConversion                  0x08002abd   Thumb Code    22  ds18b20.o(i.DS18B20_StartConversion)
    DS18B20_WriteByte                        0x08002ad3   Thumb Code    62  ds18b20.o(i.DS18B20_WriteByte)
    DebugMon_Handler                         0x08002b11   Thumb Code     2  stm32f1xx_it.o(i.DebugMon_Handler)
    Error_Handler                            0x08002cb5   Thumb Code     4  main.o(i.Error_Handler)
    HAL_DMA_Abort                            0x08002cb9   Thumb Code    70  stm32f1xx_hal_dma.o(i.HAL_DMA_Abort)
    HAL_DMA_Abort_IT                         0x08002d01   Thumb Code   148  stm32f1xx_hal_dma.o(i.HAL_DMA_Abort_IT)
    HAL_Delay                                0x08002d99   Thumb Code    32  stm32f1xx_hal.o(i.HAL_Delay)
    HAL_GPIO_Init                            0x08002dbd   Thumb Code   446  stm32f1xx_hal_gpio.o(i.HAL_GPIO_Init)
    HAL_GPIO_ReadPin                         0x08002f9d   Thumb Code    10  stm32f1xx_hal_gpio.o(i.HAL_GPIO_ReadPin)
    HAL_GPIO_WritePin                        0x08002fa7   Thumb Code    10  stm32f1xx_hal_gpio.o(i.HAL_GPIO_WritePin)
    HAL_GetTick                              0x08002fb1   Thumb Code     6  stm32f1xx_hal.o(i.HAL_GetTick)
    HAL_I2C_Init                             0x08002fbd   Thumb Code   376  stm32f1xx_hal_i2c.o(i.HAL_I2C_Init)
    HAL_I2C_Mem_Write                        0x08003145   Thumb Code   294  stm32f1xx_hal_i2c.o(i.HAL_I2C_Mem_Write)
    HAL_I2C_MspInit                          0x08003275   Thumb Code    80  i2c.o(i.HAL_I2C_MspInit)
    HAL_IncTick                              0x080032d1   Thumb Code    12  stm32f1xx_hal.o(i.HAL_IncTick)
    HAL_Init                                 0x080032e1   Thumb Code    32  stm32f1xx_hal.o(i.HAL_Init)
    HAL_InitTick                             0x08003305   Thumb Code    54  stm32f1xx_hal.o(i.HAL_InitTick)
    HAL_MspInit                              0x08003345   Thumb Code    52  stm32f1xx_hal_msp.o(i.HAL_MspInit)
    HAL_NVIC_EnableIRQ                       0x08003381   Thumb Code    26  stm32f1xx_hal_cortex.o(i.HAL_NVIC_EnableIRQ)
    HAL_NVIC_SetPriority                     0x0800339d   Thumb Code    60  stm32f1xx_hal_cortex.o(i.HAL_NVIC_SetPriority)
    HAL_NVIC_SetPriorityGrouping             0x080033dd   Thumb Code    26  stm32f1xx_hal_cortex.o(i.HAL_NVIC_SetPriorityGrouping)
    HAL_PWR_EnableBkUpAccess                 0x08003401   Thumb Code     8  stm32f1xx_hal_pwr.o(i.HAL_PWR_EnableBkUpAccess)
    HAL_RCCEx_GetPeriphCLKFreq               0x0800340d   Thumb Code   148  stm32f1xx_hal_rcc_ex.o(i.HAL_RCCEx_GetPeriphCLKFreq)
    HAL_RCCEx_PeriphCLKConfig                0x080034b1   Thumb Code   224  stm32f1xx_hal_rcc_ex.o(i.HAL_RCCEx_PeriphCLKConfig)
    HAL_RCC_ClockConfig                      0x0800359d   Thumb Code   280  stm32f1xx_hal_rcc.o(i.HAL_RCC_ClockConfig)
    HAL_RCC_GetPCLK1Freq                     0x080036c9   Thumb Code    20  stm32f1xx_hal_rcc.o(i.HAL_RCC_GetPCLK1Freq)
    HAL_RCC_GetPCLK2Freq                     0x080036e9   Thumb Code    20  stm32f1xx_hal_rcc.o(i.HAL_RCC_GetPCLK2Freq)
    HAL_RCC_GetSysClockFreq                  0x08003709   Thumb Code    58  stm32f1xx_hal_rcc.o(i.HAL_RCC_GetSysClockFreq)
    HAL_RCC_OscConfig                        0x08003755   Thumb Code   778  stm32f1xx_hal_rcc.o(i.HAL_RCC_OscConfig)
    HAL_RTC_GetTime                          0x08003a75   Thumb Code   216  stm32f1xx_hal_rtc.o(i.HAL_RTC_GetTime)
    HAL_RTC_Init                             0x08003b4d   Thumb Code   144  stm32f1xx_hal_rtc.o(i.HAL_RTC_Init)
    HAL_RTC_MspInit                          0x08003be1   Thumb Code    40  rtc.o(i.HAL_RTC_MspInit)
    HAL_RTC_SetTime                          0x08003c15   Thumb Code   168  stm32f1xx_hal_rtc.o(i.HAL_RTC_SetTime)
    HAL_RTC_WaitForSynchro                   0x08003cc1   Thumb Code    58  stm32f1xx_hal_rtc.o(i.HAL_RTC_WaitForSynchro)
    HAL_SYSTICK_Config                       0x08003cfb   Thumb Code    40  stm32f1xx_hal_cortex.o(i.HAL_SYSTICK_Config)
    HAL_TIMEx_MasterConfigSynchronization    0x08003d25   Thumb Code    92  stm32f1xx_hal_tim_ex.o(i.HAL_TIMEx_MasterConfigSynchronization)
    HAL_TIM_Base_Init                        0x08003d8d   Thumb Code    90  stm32f1xx_hal_tim.o(i.HAL_TIM_Base_Init)
    HAL_TIM_Base_MspInit                     0x08003de9   Thumb Code    30  tim.o(i.HAL_TIM_Base_MspInit)
    HAL_TIM_MspPostInit                      0x08003e11   Thumb Code    64  tim.o(i.HAL_TIM_MspPostInit)
    HAL_TIM_PWM_ConfigChannel                0x08003e5d   Thumb Code   204  stm32f1xx_hal_tim.o(i.HAL_TIM_PWM_ConfigChannel)
    HAL_TIM_PWM_Init                         0x08003f29   Thumb Code    90  stm32f1xx_hal_tim.o(i.HAL_TIM_PWM_Init)
    HAL_TIM_PWM_MspInit                      0x08003f83   Thumb Code     2  stm32f1xx_hal_tim.o(i.HAL_TIM_PWM_MspInit)
    HAL_TIM_PWM_Start                        0x08003f85   Thumb Code   144  stm32f1xx_hal_tim.o(i.HAL_TIM_PWM_Start)
    HAL_TIM_SlaveConfigSynchro               0x08004021   Thumb Code    86  stm32f1xx_hal_tim.o(i.HAL_TIM_SlaveConfigSynchro)
    HAL_UARTEx_RxEventCallback               0x08004077   Thumb Code     2  stm32f1xx_hal_uart.o(i.HAL_UARTEx_RxEventCallback)
    HAL_UART_ErrorCallback                   0x08004079   Thumb Code     2  stm32f1xx_hal_uart.o(i.HAL_UART_ErrorCallback)
    HAL_UART_IRQHandler                      0x0800407d   Thumb Code   616  stm32f1xx_hal_uart.o(i.HAL_UART_IRQHandler)
    HAL_UART_Init                            0x080042e9   Thumb Code   100  stm32f1xx_hal_uart.o(i.HAL_UART_Init)
    HAL_UART_MspInit                         0x0800434d   Thumb Code   116  usart.o(i.HAL_UART_MspInit)
    HAL_UART_RxCpltCallback                  0x080043cd   Thumb Code     2  stm32f1xx_hal_uart.o(i.HAL_UART_RxCpltCallback)
    HAL_UART_Transmit                        0x080043cf   Thumb Code   160  stm32f1xx_hal_uart.o(i.HAL_UART_Transmit)
    HAL_UART_TxCpltCallback                  0x0800446f   Thumb Code     2  stm32f1xx_hal_uart.o(i.HAL_UART_TxCpltCallback)
    HardFault_Handler                        0x08004471   Thumb Code     2  stm32f1xx_it.o(i.HardFault_Handler)
    Key_Init                                 0x08004743   Thumb Code     2  key.o(i.Key_Init)
    Key_Scan                                 0x08004745   Thumb Code   122  key.o(i.Key_Scan)
    MX_GPIO_Init                             0x080047c9   Thumb Code   188  gpio.o(i.MX_GPIO_Init)
    MX_I2C1_Init                             0x08004891   Thumb Code    50  i2c.o(i.MX_I2C1_Init)
    MX_RTC_Init                              0x080048d1   Thumb Code    38  rtc.o(i.MX_RTC_Init)
    MX_TIM3_Init                             0x08004901   Thumb Code   156  tim.o(i.MX_TIM3_Init)
    MX_USART1_UART_Init                      0x080049a5   Thumb Code    48  usart.o(i.MX_USART1_UART_Init)
    MemManage_Handler                        0x080049dd   Thumb Code     2  stm32f1xx_it.o(i.MemManage_Handler)
    NMI_Handler                              0x080049df   Thumb Code     2  stm32f1xx_it.o(i.NMI_Handler)
    OLED_Clear                               0x080049e1   Thumb Code    10  oled.o(i.OLED_Clear)
    OLED_Display                             0x080049f1   Thumb Code    60  oled.o(i.OLED_Display)
    OLED_Init                                0x08004a5d   Thumb Code   184  oled.o(i.OLED_Init)
    OLED_ShowChar                            0x08004b15   Thumb Code   198  oled.o(i.OLED_ShowChar)
    OLED_ShowString                          0x08004be5   Thumb Code    62  oled.o(i.OLED_ShowString)
    PID_Calculate                            0x08004c6d   Thumb Code   270  pid.o(i.PID_Calculate)
    PID_Init                                 0x08004d89   Thumb Code    24  pid.o(i.PID_Init)
    PID_Reset                                0x08004da1   Thumb Code    10  pid.o(i.PID_Reset)
    PendSV_Handler                           0x08004dab   Thumb Code     2  stm32f1xx_it.o(i.PendSV_Handler)
    SVC_Handler                              0x0800518f   Thumb Code     2  stm32f1xx_it.o(i.SVC_Handler)
    SysTick_Handler                          0x08005191   Thumb Code     4  stm32f1xx_it.o(i.SysTick_Handler)
    SystemClock_Config                       0x08005195   Thumb Code   128  main.o(i.SystemClock_Config)
    SystemInit                               0x08005215   Thumb Code     2  system_stm32f1xx.o(i.SystemInit)
    TIM_Base_SetConfig                       0x08005219   Thumb Code   108  stm32f1xx_hal_tim.o(i.TIM_Base_SetConfig)
    TIM_CCxChannelCmd                        0x08005291   Thumb Code    26  stm32f1xx_hal_tim.o(i.TIM_CCxChannelCmd)
    TIM_ETR_SetConfig                        0x080052ab   Thumb Code    20  stm32f1xx_hal_tim.o(i.TIM_ETR_SetConfig)
    TIM_OC2_SetConfig                        0x08005311   Thumb Code    84  stm32f1xx_hal_tim.o(i.TIM_OC2_SetConfig)
    UART_Init                                0x08005535   Thumb Code    10  usart_com.o(i.UART_Init)
    UART_Printf                              0x08005545   Thumb Code    34  usart_com.o(i.UART_Printf)
    UART_ProcessRx                           0x0800556d   Thumb Code    66  usart_com.o(i.UART_ProcessRx)
    UART_Send                                0x08005681   Thumb Code    12  usart_com.o(i.UART_Send)
    USART1_IRQHandler                        0x0800583d   Thumb Code     6  stm32f1xx_it.o(i.USART1_IRQHandler)
    UsageFault_Handler                       0x08005849   Thumb Code     2  stm32f1xx_it.o(i.UsageFault_Handler)
    __ARM_fpclassify                         0x0800584b   Thumb Code    40  fpclassify.o(i.__ARM_fpclassify)
    __mathlib_dbl_overflow                   0x08005893   Thumb Code    14  dunder.o(i.__mathlib_dbl_overflow)
    __mathlib_dbl_underflow                  0x080058a1   Thumb Code    10  dunder.o(i.__mathlib_dbl_underflow)
    __mathlib_narrow                         0x080058b1   Thumb Code    16  narrow.o(i.__mathlib_narrow)
    __mathlib_tofloat                        0x080058c1   Thumb Code   184  narrow.o(i.__mathlib_tofloat)
    __support_ldexp                          0x0800597d   Thumb Code    22  ldexp.o(i.__support_ldexp)
    _is_digit                                0x08005993   Thumb Code    14  __printf_wp.o(i._is_digit)
    atof                                     0x080059a1   Thumb Code    42  atof.o(i.atof)
    frexp                                    0x080059f5   Thumb Code    80  frexp.o(i.frexp)
    ldexp                                    0x08005a4d   Thumb Code   116  ldexp.o(i.ldexp)
    main                                     0x08005ac1   Thumb Code   376  main.o(i.main)
    _get_lc_numeric                          0x08005cb1   Thumb Code    44  lc_numeric_c.o(locale$$code)
    _get_lc_ctype                            0x08005cdd   Thumb Code    44  lc_ctype_c.o(locale$$code)
    __aeabi_d2f                              0x08005d09   Thumb Code     0  d2f.o(x$fpl$d2f)
    _d2f                                     0x08005d09   Thumb Code    98  d2f.o(x$fpl$d2f)
    __fpl_dcheck_NaN1                        0x08005d6d   Thumb Code    10  dcheck1.o(x$fpl$dcheck1)
    __fpl_dcmp_Inf                           0x08005d7d   Thumb Code    24  dcmpi.o(x$fpl$dcmpinf)
    __aeabi_cdcmpeq                          0x08005d95   Thumb Code     0  deqf.o(x$fpl$deqf)
    _dcmpeq                                  0x08005d95   Thumb Code   120  deqf.o(x$fpl$deqf)
    __aeabi_cdcmple                          0x08005e0d   Thumb Code     0  dleqf.o(x$fpl$dleqf)
    _dcmple                                  0x08005e0d   Thumb Code   120  dleqf.o(x$fpl$dleqf)
    __fpl_dcmple_InfNaN                      0x08005e6f   Thumb Code     0  dleqf.o(x$fpl$dleqf)
    __fpl_dnaninf                            0x08005e85   Thumb Code   156  dnaninf.o(x$fpl$dnaninf)
    __fpl_dretinf                            0x08005f21   Thumb Code    12  dretinf.o(x$fpl$dretinf)
    __aeabi_cdrcmple                         0x08005f2d   Thumb Code     0  drleqf.o(x$fpl$drleqf)
    _drcmple                                 0x08005f2d   Thumb Code   108  drleqf.o(x$fpl$drleqf)
    __aeabi_f2d                              0x08005f99   Thumb Code     0  f2d.o(x$fpl$f2d)
    _f2d                                     0x08005f99   Thumb Code    86  f2d.o(x$fpl$f2d)
    __aeabi_fadd                             0x08005ff1   Thumb Code     0  faddsub_clz.o(x$fpl$fadd)
    _fadd                                    0x08005ff1   Thumb Code   196  faddsub_clz.o(x$fpl$fadd)
    __fpl_fcheck_NaN1                        0x080060b5   Thumb Code     6  fcheck1.o(x$fpl$fcheck1)
    __fpl_fcmp_Inf                           0x080060c1   Thumb Code    24  fcmpi.o(x$fpl$fcmpinf)
    __aeabi_fdiv                             0x080060d9   Thumb Code     0  fdiv.o(x$fpl$fdiv)
    _fdiv                                    0x080060d9   Thumb Code   384  fdiv.o(x$fpl$fdiv)
    __aeabi_f2iz                             0x0800625d   Thumb Code     0  ffix.o(x$fpl$ffix)
    _ffix                                    0x0800625d   Thumb Code    54  ffix.o(x$fpl$ffix)
    __aeabi_f2uiz                            0x08006295   Thumb Code     0  ffixu.o(x$fpl$ffixu)
    _ffixu                                   0x08006295   Thumb Code    62  ffixu.o(x$fpl$ffixu)
    __aeabi_i2f                              0x080062d5   Thumb Code     0  fflt_clz.o(x$fpl$fflt)
    _fflt                                    0x080062d5   Thumb Code    48  fflt_clz.o(x$fpl$fflt)
    __aeabi_ui2f                             0x08006305   Thumb Code     0  fflt_clz.o(x$fpl$ffltu)
    _ffltu                                   0x08006305   Thumb Code    38  fflt_clz.o(x$fpl$ffltu)
    __aeabi_cfcmple                          0x0800632d   Thumb Code     0  fleqf.o(x$fpl$fleqf)
    _fcmple                                  0x0800632d   Thumb Code   104  fleqf.o(x$fpl$fleqf)
    __fpl_fcmple_InfNaN                      0x0800637f   Thumb Code     0  fleqf.o(x$fpl$fleqf)
    __aeabi_fmul                             0x08006395   Thumb Code     0  fmul.o(x$fpl$fmul)
    _fmul                                    0x08006395   Thumb Code   258  fmul.o(x$fpl$fmul)
    __fpl_fnaninf                            0x08006497   Thumb Code   140  fnaninf.o(x$fpl$fnaninf)
    __fpl_fretinf                            0x08006523   Thumb Code    10  fretinf.o(x$fpl$fretinf)
    __aeabi_cfrcmple                         0x0800652d   Thumb Code     0  frleqf.o(x$fpl$frleqf)
    _frcmple                                 0x0800652d   Thumb Code    98  frleqf.o(x$fpl$frleqf)
    __aeabi_frsub                            0x0800658f   Thumb Code     0  faddsub_clz.o(x$fpl$frsb)
    _frsb                                    0x0800658f   Thumb Code    20  faddsub_clz.o(x$fpl$frsb)
    __aeabi_fsub                             0x080065a5   Thumb Code     0  faddsub_clz.o(x$fpl$fsub)
    _fsub                                    0x080065a5   Thumb Code   234  faddsub_clz.o(x$fpl$fsub)
    __ieee_status                            0x0800668f   Thumb Code     6  istatus.o(x$fpl$ieeestatus)
    _printf_fp_dec                           0x08006695   Thumb Code     4  printf1.o(x$fpl$printf1)
    _printf_fp_hex                           0x08006699   Thumb Code     4  printf2.o(x$fpl$printf2)
    __fpl_return_NaN                         0x0800669d   Thumb Code   100  retnan.o(x$fpl$retnan)
    __ARM_scalbn                             0x08006701   Thumb Code    92  scalbn.o(x$fpl$scalbn)
    __ARM_scalbnf                            0x0800675d   Thumb Code    76  scalbnf.o(x$fpl$scalbnf)
    _scanf_real                              0x080067a9   Thumb Code     4  scanf1.o(x$fpl$scanf1)
    _scanf_hex_real                          0x080067ad   Thumb Code     4  scanf2.o(x$fpl$scanf2)
    _scanf_infnan                            0x080067b1   Thumb Code     4  scanf2.o(x$fpl$scanf2)
    __fpl_cmpreturn                          0x080067b5   Thumb Code    48  trapv.o(x$fpl$trapveneer)
    __I$use$fp                               0x080067e4   Number         0  usenofp.o(x$fpl$usenofp)
    AHBPrescTable                            0x0800704c   Data          16  system_stm32f1xx.o(.constdata)
    APBPrescTable                            0x0800705c   Data           8  system_stm32f1xx.o(.constdata)
    Region$$Table$$Base                      0x08007164   Number         0  anon$$obj.o(Region$$Table)
    Region$$Table$$Limit                     0x08007184   Number         0  anon$$obj.o(Region$$Table)
    __aeabi_HUGE_VAL                         0x08007184   Data           0  fpconst.o(c$$dinf)
    __aeabi_HUGE_VALL                        0x08007184   Data           0  fpconst.o(c$$dinf)
    __aeabi_INFINITY                         0x08007184   Data           0  fpconst.o(c$$dinf)
    __dInf                                   0x08007184   Data           0  fpconst.o(c$$dinf)
    __huge_val                               0x08007184   Data           0  fpconst.o(c$$dinf)
    __dbl_max                                0x0800718c   Data           0  fpconst.o(c$$dmax)
    __ctype                                  0x080071bd   Data           0  lc_ctype_c.o(locale$$data)
    uart_rx_flag                             0x20000000   Data           1  usart_com.o(.data)
    uart_rx_len                              0x20000002   Data           2  usart_com.o(.data)
    sys_state                                0x20000004   Data           1  main.o(.data)
    current_temp                             0x2000000c   Data           4  main.o(.data)
    target_temp                              0x20000010   Data           4  main.o(.data)
    run_time_sec                             0x20000014   Data           4  main.o(.data)
    uwTickFreq                               0x2000002c   Data           1  stm32f1xx_hal.o(.data)
    uwTickPrio                               0x20000030   Data           4  stm32f1xx_hal.o(.data)
    uwTick                                   0x20000034   Data           4  stm32f1xx_hal.o(.data)
    SystemCoreClock                          0x20000038   Data           4  system_stm32f1xx.o(.data)
    uart_rx_buf                              0x2000043c   Data          64  usart_com.o(.bss)
    hi2c1                                    0x20000520   Data          84  i2c.o(.bss)
    hrtc                                     0x20000574   Data          20  rtc.o(.bss)
    htim3                                    0x20000588   Data          72  tim.o(.bss)
    huart1                                   0x200005d0   Data          72  usart.o(.bss)
    __libspace_start                         0x20000618   Data          96  libspace.o(.bss)
    __temporary_stack_top$libspace           0x20000678   Data           0  libspace.o(.bss)



==============================================================================

Memory Map of the image

  Image Entry point : 0x080000ed

  Load Region LR_IROM1 (Base: 0x08000000, Size: 0x000072fc, Max: 0x00010000, ABSOLUTE)

    Execution Region ER_IROM1 (Exec base: 0x08000000, Load base: 0x08000000, Size: 0x000072c0, Max: 0x00010000, ABSOLUTE)

    Exec Addr    Load Addr    Size         Type   Attr      Idx    E Section Name        Object

    0x08000000   0x08000000   0x000000ec   Data   RO            3    RESET               startup_stm32f103xb.o
    0x080000ec   0x080000ec   0x00000008   Code   RO         4029  * !!!main             c_w.l(__main.o)
    0x080000f4   0x080000f4   0x00000034   Code   RO         4476    !!!scatter          c_w.l(__scatter.o)
    0x08000128   0x08000128   0x0000001a   Code   RO         4478    !!handler_copy      c_w.l(__scatter_copy.o)
    0x08000142   0x08000142   0x00000002   PAD
    0x08000144   0x08000144   0x0000001c   Code   RO         4480    !!handler_zi        c_w.l(__scatter_zi.o)
    0x08000160   0x08000160   0x00000000   Code   RO         4020    .ARM.Collect$$_printf_percent$$00000000  c_w.l(_printf_percent.o)
    0x08000160   0x08000160   0x00000006   Code   RO         4126    .ARM.Collect$$_printf_percent$$00000001  c_w.l(_printf_n.o)
    0x08000166   0x08000166   0x00000006   Code   RO         4128    .ARM.Collect$$_printf_percent$$00000002  c_w.l(_printf_p.o)
    0x0800016c   0x0800016c   0x00000006   Code   RO         4019    .ARM.Collect$$_printf_percent$$00000003  c_w.l(_printf_f.o)
    0x08000172   0x08000172   0x00000006   Code   RO         4131    .ARM.Collect$$_printf_percent$$00000004  c_w.l(_printf_e.o)
    0x08000178   0x08000178   0x00000006   Code   RO         4132    .ARM.Collect$$_printf_percent$$00000005  c_w.l(_printf_g.o)
    0x0800017e   0x0800017e   0x00000006   Code   RO         4133    .ARM.Collect$$_printf_percent$$00000006  c_w.l(_printf_a.o)
    0x08000184   0x08000184   0x0000000a   Code   RO         4138    .ARM.Collect$$_printf_percent$$00000007  c_w.l(_printf_ll.o)
    0x0800018e   0x0800018e   0x00000006   Code   RO         4130    .ARM.Collect$$_printf_percent$$00000008  c_w.l(_printf_i.o)
    0x08000194   0x08000194   0x00000006   Code   RO         4017    .ARM.Collect$$_printf_percent$$00000009  c_w.l(_printf_d.o)
    0x0800019a   0x0800019a   0x00000006   Code   RO         4018    .ARM.Collect$$_printf_percent$$0000000A  c_w.l(_printf_u.o)
    0x080001a0   0x080001a0   0x00000006   Code   RO         4129    .ARM.Collect$$_printf_percent$$0000000B  c_w.l(_printf_o.o)
    0x080001a6   0x080001a6   0x00000006   Code   RO         4127    .ARM.Collect$$_printf_percent$$0000000C  c_w.l(_printf_x.o)
    0x080001ac   0x080001ac   0x00000006   Code   RO         4135    .ARM.Collect$$_printf_percent$$0000000D  c_w.l(_printf_lli.o)
    0x080001b2   0x080001b2   0x00000006   Code   RO         4136    .ARM.Collect$$_printf_percent$$0000000E  c_w.l(_printf_lld.o)
    0x080001b8   0x080001b8   0x00000006   Code   RO         4137    .ARM.Collect$$_printf_percent$$0000000F  c_w.l(_printf_llu.o)
    0x080001be   0x080001be   0x00000006   Code   RO         4142    .ARM.Collect$$_printf_percent$$00000010  c_w.l(_printf_llo.o)
    0x080001c4   0x080001c4   0x00000006   Code   RO         4143    .ARM.Collect$$_printf_percent$$00000011  c_w.l(_printf_llx.o)
    0x080001ca   0x080001ca   0x0000000a   Code   RO         4139    .ARM.Collect$$_printf_percent$$00000012  c_w.l(_printf_l.o)
    0x080001d4   0x080001d4   0x00000006   Code   RO         4124    .ARM.Collect$$_printf_percent$$00000013  c_w.l(_printf_c.o)
    0x080001da   0x080001da   0x00000006   Code   RO         4125    .ARM.Collect$$_printf_percent$$00000014  c_w.l(_printf_s.o)
    0x080001e0   0x080001e0   0x00000006   Code   RO         4140    .ARM.Collect$$_printf_percent$$00000015  c_w.l(_printf_lc.o)
    0x080001e6   0x080001e6   0x00000006   Code   RO         4141    .ARM.Collect$$_printf_percent$$00000016  c_w.l(_printf_ls.o)
    0x080001ec   0x080001ec   0x00000004   Code   RO         4134    .ARM.Collect$$_printf_percent$$00000017  c_w.l(_printf_percent_end.o)
    0x080001f0   0x080001f0   0x00000002   Code   RO         4263    .ARM.Collect$$libinit$$00000000  c_w.l(libinit.o)
    0x080001f2   0x080001f2   0x00000000   Code   RO         4265    .ARM.Collect$$libinit$$00000002  c_w.l(libinit2.o)
    0x080001f2   0x080001f2   0x00000000   Code   RO         4267    .ARM.Collect$$libinit$$00000004  c_w.l(libinit2.o)
    0x080001f2   0x080001f2   0x00000000   Code   RO         4270    .ARM.Collect$$libinit$$0000000A  c_w.l(libinit2.o)
    0x080001f2   0x080001f2   0x00000000   Code   RO         4272    .ARM.Collect$$libinit$$0000000C  c_w.l(libinit2.o)
    0x080001f2   0x080001f2   0x00000000   Code   RO         4274    .ARM.Collect$$libinit$$0000000E  c_w.l(libinit2.o)
    0x080001f2   0x080001f2   0x00000006   Code   RO         4275    .ARM.Collect$$libinit$$0000000F  c_w.l(libinit2.o)
    0x080001f8   0x080001f8   0x00000000   Code   RO         4277    .ARM.Collect$$libinit$$00000011  c_w.l(libinit2.o)
    0x080001f8   0x080001f8   0x0000000c   Code   RO         4278    .ARM.Collect$$libinit$$00000012  c_w.l(libinit2.o)
    0x08000204   0x08000204   0x00000000   Code   RO         4279    .ARM.Collect$$libinit$$00000013  c_w.l(libinit2.o)
    0x08000204   0x08000204   0x00000000   Code   RO         4281    .ARM.Collect$$libinit$$00000015  c_w.l(libinit2.o)
    0x08000204   0x08000204   0x0000000a   Code   RO         4282    .ARM.Collect$$libinit$$00000016  c_w.l(libinit2.o)
    0x0800020e   0x0800020e   0x00000000   Code   RO         4283    .ARM.Collect$$libinit$$00000017  c_w.l(libinit2.o)
    0x0800020e   0x0800020e   0x00000000   Code   RO         4285    .ARM.Collect$$libinit$$00000019  c_w.l(libinit2.o)
    0x0800020e   0x0800020e   0x00000000   Code   RO         4287    .ARM.Collect$$libinit$$0000001B  c_w.l(libinit2.o)
    0x0800020e   0x0800020e   0x00000000   Code   RO         4289    .ARM.Collect$$libinit$$0000001D  c_w.l(libinit2.o)
    0x0800020e   0x0800020e   0x00000000   Code   RO         4291    .ARM.Collect$$libinit$$0000001F  c_w.l(libinit2.o)
    0x0800020e   0x0800020e   0x00000000   Code   RO         4293    .ARM.Collect$$libinit$$00000021  c_w.l(libinit2.o)
    0x0800020e   0x0800020e   0x00000000   Code   RO         4295    .ARM.Collect$$libinit$$00000023  c_w.l(libinit2.o)
    0x0800020e   0x0800020e   0x00000000   Code   RO         4297    .ARM.Collect$$libinit$$00000025  c_w.l(libinit2.o)
    0x0800020e   0x0800020e   0x00000000   Code   RO         4301    .ARM.Collect$$libinit$$0000002C  c_w.l(libinit2.o)
    0x0800020e   0x0800020e   0x00000000   Code   RO         4303    .ARM.Collect$$libinit$$0000002E  c_w.l(libinit2.o)
    0x0800020e   0x0800020e   0x00000000   Code   RO         4305    .ARM.Collect$$libinit$$00000030  c_w.l(libinit2.o)
    0x0800020e   0x0800020e   0x00000000   Code   RO         4307    .ARM.Collect$$libinit$$00000032  c_w.l(libinit2.o)
    0x0800020e   0x0800020e   0x00000002   Code   RO         4308    .ARM.Collect$$libinit$$00000033  c_w.l(libinit2.o)
    0x08000210   0x08000210   0x00000002   Code   RO         4375    .ARM.Collect$$libshutdown$$00000000  c_w.l(libshutdown.o)
    0x08000212   0x08000212   0x00000000   Code   RO         4404    .ARM.Collect$$libshutdown$$00000002  c_w.l(libshutdown2.o)
    0x08000212   0x08000212   0x00000000   Code   RO         4406    .ARM.Collect$$libshutdown$$00000004  c_w.l(libshutdown2.o)
    0x08000212   0x08000212   0x00000000   Code   RO         4408    .ARM.Collect$$libshutdown$$00000006  c_w.l(libshutdown2.o)
    0x08000212   0x08000212   0x00000000   Code   RO         4411    .ARM.Collect$$libshutdown$$00000009  c_w.l(libshutdown2.o)
    0x08000212   0x08000212   0x00000000   Code   RO         4414    .ARM.Collect$$libshutdown$$0000000C  c_w.l(libshutdown2.o)
    0x08000212   0x08000212   0x00000000   Code   RO         4416    .ARM.Collect$$libshutdown$$0000000E  c_w.l(libshutdown2.o)
    0x08000212   0x08000212   0x00000000   Code   RO         4419    .ARM.Collect$$libshutdown$$00000011  c_w.l(libshutdown2.o)
    0x08000212   0x08000212   0x00000002   Code   RO         4420    .ARM.Collect$$libshutdown$$00000012  c_w.l(libshutdown2.o)
    0x08000214   0x08000214   0x00000000   Code   RO         4073    .ARM.Collect$$rtentry$$00000000  c_w.l(__rtentry.o)
    0x08000214   0x08000214   0x00000000   Code   RO         4166    .ARM.Collect$$rtentry$$00000002  c_w.l(__rtentry2.o)
    0x08000214   0x08000214   0x00000006   Code   RO         4178    .ARM.Collect$$rtentry$$00000004  c_w.l(__rtentry4.o)
    0x0800021a   0x0800021a   0x00000000   Code   RO         4168    .ARM.Collect$$rtentry$$00000009  c_w.l(__rtentry2.o)
    0x0800021a   0x0800021a   0x00000004   Code   RO         4169    .ARM.Collect$$rtentry$$0000000A  c_w.l(__rtentry2.o)
    0x0800021e   0x0800021e   0x00000000   Code   RO         4171    .ARM.Collect$$rtentry$$0000000C  c_w.l(__rtentry2.o)
    0x0800021e   0x0800021e   0x00000008   Code   RO         4172    .ARM.Collect$$rtentry$$0000000D  c_w.l(__rtentry2.o)
    0x08000226   0x08000226   0x00000002   Code   RO         4311    .ARM.Collect$$rtexit$$00000000  c_w.l(rtexit.o)
    0x08000228   0x08000228   0x00000000   Code   RO         4337    .ARM.Collect$$rtexit$$00000002  c_w.l(rtexit2.o)
    0x08000228   0x08000228   0x00000004   Code   RO         4338    .ARM.Collect$$rtexit$$00000003  c_w.l(rtexit2.o)
    0x0800022c   0x0800022c   0x00000006   Code   RO         4339    .ARM.Collect$$rtexit$$00000004  c_w.l(rtexit2.o)
    0x08000232   0x08000232   0x00000002   PAD
    0x08000234   0x08000234   0x00000040   Code   RO            4    .text               startup_stm32f103xb.o
    0x08000274   0x08000274   0x00000034   Code   RO         3985    .text               c_w.l(vsnprintf.o)
    0x080002a8   0x080002a8   0x00000038   Code   RO         3987    .text               c_w.l(__2snprintf.o)
    0x080002e0   0x080002e0   0x0000004e   Code   RO         3993    .text               c_w.l(_printf_pad.o)
    0x0800032e   0x0800032e   0x00000002   PAD
    0x08000330   0x08000330   0x00000078   Code   RO         3995    .text               c_w.l(_printf_dec.o)
    0x080003a8   0x080003a8   0x00000188   Code   RO         4014    .text               c_w.l(__printf_flags_ss_wp.o)
    0x08000530   0x08000530   0x00000096   Code   RO         4021    .text               c_w.l(strncmp.o)
    0x080005c6   0x080005c6   0x00000044   Code   RO         4023    .text               c_w.l(rt_memclr.o)
    0x0800060a   0x0800060a   0x0000004e   Code   RO         4025    .text               c_w.l(rt_memclr_w.o)
    0x08000658   0x08000658   0x00000006   Code   RO         4027    .text               c_w.l(heapauxi.o)
    0x0800065e   0x0800065e   0x00000016   Code   RO         4074    .text               c_w.l(_rserrno.o)
    0x08000674   0x08000674   0x00000024   Code   RO         4076    .text               c_w.l(_printf_truncate.o)
    0x08000698   0x08000698   0x00000052   Code   RO         4078    .text               c_w.l(_printf_str.o)
    0x080006ea   0x080006ea   0x000000b2   Code   RO         4080    .text               c_w.l(_printf_intcommon.o)
    0x0800079c   0x0800079c   0x00000028   Code   RO         4082    .text               c_w.l(_printf_charcount.o)
    0x080007c4   0x080007c4   0x0000041e   Code   RO         4084    .text               c_w.l(_printf_fp_dec.o)
    0x08000be2   0x08000be2   0x00000002   PAD
    0x08000be4   0x08000be4   0x00000030   Code   RO         4086    .text               c_w.l(_printf_char_common.o)
    0x08000c14   0x08000c14   0x0000000a   Code   RO         4088    .text               c_w.l(_sputc.o)
    0x08000c1e   0x08000c1e   0x00000010   Code   RO         4090    .text               c_w.l(_snputc.o)
    0x08000c2e   0x08000c2e   0x00000002   PAD
    0x08000c30   0x08000c30   0x000000bc   Code   RO         4092    .text               c_w.l(_printf_wctomb.o)
    0x08000cec   0x08000cec   0x0000007c   Code   RO         4095    .text               c_w.l(_printf_longlong_dec.o)
    0x08000d68   0x08000d68   0x00000070   Code   RO         4101    .text               c_w.l(_printf_oct_int_ll.o)
    0x08000dd8   0x08000dd8   0x00000094   Code   RO         4121    .text               c_w.l(_printf_hex_int_ll_ptr.o)
    0x08000e6c   0x08000e6c   0x000000a4   Code   RO         4144    .text               c_w.l(strtod.o)
    0x08000f10   0x08000f10   0x00000008   Code   RO         4183    .text               c_w.l(rt_locale_intlibspace.o)
    0x08000f18   0x08000f18   0x00000008   Code   RO         4188    .text               c_w.l(rt_errno_addr_intlibspace.o)
    0x08000f20   0x08000f20   0x0000008a   Code   RO         4190    .text               c_w.l(lludiv10.o)
    0x08000faa   0x08000faa   0x00000012   Code   RO         4192    .text               c_w.l(isspace.o)
    0x08000fbc   0x08000fbc   0x000002fc   Code   RO         4194    .text               c_w.l(_printf_fp_hex.o)
    0x080012b8   0x080012b8   0x00000080   Code   RO         4197    .text               c_w.l(_printf_fp_infnan.o)
    0x08001338   0x08001338   0x0000002c   Code   RO         4201    .text               c_w.l(_printf_char.o)
    0x08001364   0x08001364   0x0000002c   Code   RO         4203    .text               c_w.l(_printf_wchar.o)
    0x08001390   0x08001390   0x00000040   Code   RO         4205    .text               c_w.l(_sgetc.o)
    0x080013d0   0x080013d0   0x000000e4   Code   RO         4207    .text               c_w.l(bigflt0.o)
    0x080014b4   0x080014b4   0x00000040   Code   RO         4232    .text               c_w.l(_wcrtomb.o)
    0x080014f4   0x080014f4   0x00000008   Code   RO         4245    .text               c_w.l(libspace.o)
    0x080014fc   0x080014fc   0x0000004a   Code   RO         4248    .text               c_w.l(sys_stackheap_outer.o)
    0x08001546   0x08001546   0x00000002   PAD
    0x08001548   0x08001548   0x00000010   Code   RO         4250    .text               c_w.l(rt_ctype_table.o)
    0x08001558   0x08001558   0x000004f8   Code   RO         4252    .text               c_w.l(scanf_fp.o)
    0x08001a50   0x08001a50   0x00000012   Code   RO         4254    .text               c_w.l(exit.o)
    0x08001a62   0x08001a62   0x00000002   PAD
    0x08001a64   0x08001a64   0x00000080   Code   RO         4256    .text               c_w.l(strcmpv7m.o)
    0x08001ae4   0x08001ae4   0x00000320   Code   RO         4343    .text               c_w.l(scanf_hexfp.o)
    0x08001e04   0x08001e04   0x00000134   Code   RO         4345    .text               c_w.l(scanf_infnan.o)
    0x08001f38   0x08001f38   0x0000000c   Code   RO         4361    .text               c_w.l(sys_exit.o)
    0x08001f44   0x08001f44   0x00000026   Code   RO         4365    .text               c_w.l(llshl.o)
    0x08001f6a   0x08001f6a   0x0000001c   Code   RO         4367    .text               c_w.l(_chval.o)
    0x08001f86   0x08001f86   0x00000002   Code   RO         4394    .text               c_w.l(use_no_semi.o)
    0x08001f88   0x08001f88   0x00000000   Code   RO         4396    .text               c_w.l(indicate_semi.o)
    0x08001f88   0x08001f88   0x0000003e   Code   RO         4210    CL$$btod_d2e        c_w.l(btod.o)
    0x08001fc6   0x08001fc6   0x00000046   Code   RO         4212    CL$$btod_d2e_denorm_low  c_w.l(btod.o)
    0x0800200c   0x0800200c   0x00000060   Code   RO         4211    CL$$btod_d2e_norm_op1  c_w.l(btod.o)
    0x0800206c   0x0800206c   0x00000338   Code   RO         4220    CL$$btod_div_common  c_w.l(btod.o)
    0x080023a4   0x080023a4   0x00000084   Code   RO         4218    CL$$btod_e2d        c_w.l(btod.o)
    0x08002428   0x08002428   0x000000dc   Code   RO         4217    CL$$btod_e2e        c_w.l(btod.o)
    0x08002504   0x08002504   0x0000002a   Code   RO         4214    CL$$btod_ediv       c_w.l(btod.o)
    0x0800252e   0x0800252e   0x0000002a   Code   RO         4216    CL$$btod_edivd      c_w.l(btod.o)
    0x08002558   0x08002558   0x0000002a   Code   RO         4213    CL$$btod_emul       c_w.l(btod.o)
    0x08002582   0x08002582   0x0000002a   Code   RO         4215    CL$$btod_emuld      c_w.l(btod.o)
    0x080025ac   0x080025ac   0x00000244   Code   RO         4219    CL$$btod_mult_common  c_w.l(btod.o)
    0x080027f0   0x080027f0   0x00000058   Code   RO          498    i.Alarm_Check       main.o
    0x08002848   0x08002848   0x00000002   Code   RO          782    i.BusFault_Handler  stm32f1xx_it.o
    0x0800284a   0x0800284a   0x00000002   PAD
    0x0800284c   0x0800284c   0x00000024   Code   RO          396    i.Control_Init      control.o
    0x08002870   0x08002870   0x00000098   Code   RO          397    i.Control_ProcessOutput  control.o
    0x08002908   0x08002908   0x00000040   Code   RO          398    i.Control_SetPower  control.o
    0x08002948   0x08002948   0x0000001c   Code   RO          399    i.Control_Stop      control.o
    0x08002964   0x08002964   0x0000003c   Code   RO           14    i.DS18B20_Init      ds18b20.o
    0x080029a0   0x080029a0   0x00000040   Code   RO           15    i.DS18B20_ReadByte  ds18b20.o
    0x080029e0   0x080029e0   0x00000028   Code   RO           16    i.DS18B20_ReadPin   ds18b20.o
    0x08002a08   0x08002a08   0x00000032   Code   RO           17    i.DS18B20_ReadResult  ds18b20.o
    0x08002a3a   0x08002a3a   0x00000030   Code   RO           18    i.DS18B20_ResetPulse  ds18b20.o
    0x08002a6a   0x08002a6a   0x00000002   PAD
    0x08002a6c   0x08002a6c   0x00000028   Code   RO           19    i.DS18B20_SetHigh   ds18b20.o
    0x08002a94   0x08002a94   0x00000028   Code   RO           20    i.DS18B20_SetLow    ds18b20.o
    0x08002abc   0x08002abc   0x00000016   Code   RO           21    i.DS18B20_StartConversion  ds18b20.o
    0x08002ad2   0x08002ad2   0x0000003e   Code   RO           22    i.DS18B20_WriteByte  ds18b20.o
    0x08002b10   0x08002b10   0x00000002   Code   RO          783    i.DebugMon_Handler  stm32f1xx_it.o
    0x08002b12   0x08002b12   0x00000002   PAD
    0x08002b14   0x08002b14   0x000001a0   Code   RO          499    i.Display_Update    main.o
    0x08002cb4   0x08002cb4   0x00000004   Code   RO          500    i.Error_Handler     main.o
    0x08002cb8   0x08002cb8   0x00000046   Code   RO         1742    i.HAL_DMA_Abort     stm32f1xx_hal_dma.o
    0x08002cfe   0x08002cfe   0x00000002   PAD
    0x08002d00   0x08002d00   0x00000098   Code   RO         1743    i.HAL_DMA_Abort_IT  stm32f1xx_hal_dma.o
    0x08002d98   0x08002d98   0x00000024   Code   RO         1368    i.HAL_Delay         stm32f1xx_hal.o
    0x08002dbc   0x08002dbc   0x000001e0   Code   RO         1678    i.HAL_GPIO_Init     stm32f1xx_hal_gpio.o
    0x08002f9c   0x08002f9c   0x0000000a   Code   RO         1680    i.HAL_GPIO_ReadPin  stm32f1xx_hal_gpio.o
    0x08002fa6   0x08002fa6   0x0000000a   Code   RO         1682    i.HAL_GPIO_WritePin  stm32f1xx_hal_gpio.o
    0x08002fb0   0x08002fb0   0x0000000c   Code   RO         1372    i.HAL_GetTick       stm32f1xx_hal.o
    0x08002fbc   0x08002fbc   0x00000188   Code   RO          935    i.HAL_I2C_Init      stm32f1xx_hal_i2c.o
    0x08003144   0x08003144   0x00000130   Code   RO          956    i.HAL_I2C_Mem_Write  stm32f1xx_hal_i2c.o
    0x08003274   0x08003274   0x0000005c   Code   RO          609    i.HAL_I2C_MspInit   i2c.o
    0x080032d0   0x080032d0   0x00000010   Code   RO         1378    i.HAL_IncTick       stm32f1xx_hal.o
    0x080032e0   0x080032e0   0x00000024   Code   RO         1379    i.HAL_Init          stm32f1xx_hal.o
    0x08003304   0x08003304   0x00000040   Code   RO         1380    i.HAL_InitTick      stm32f1xx_hal.o
    0x08003344   0x08003344   0x0000003c   Code   RO          864    i.HAL_MspInit       stm32f1xx_hal_msp.o
    0x08003380   0x08003380   0x0000001a   Code   RO         1838    i.HAL_NVIC_EnableIRQ  stm32f1xx_hal_cortex.o
    0x0800339a   0x0800339a   0x00000002   PAD
    0x0800339c   0x0800339c   0x00000040   Code   RO         1844    i.HAL_NVIC_SetPriority  stm32f1xx_hal_cortex.o
    0x080033dc   0x080033dc   0x00000024   Code   RO         1845    i.HAL_NVIC_SetPriorityGrouping  stm32f1xx_hal_cortex.o
    0x08003400   0x08003400   0x0000000c   Code   RO         1960    i.HAL_PWR_EnableBkUpAccess  stm32f1xx_hal_pwr.o
    0x0800340c   0x0800340c   0x000000a4   Code   RO         1639    i.HAL_RCCEx_GetPeriphCLKFreq  stm32f1xx_hal_rcc_ex.o
    0x080034b0   0x080034b0   0x000000ec   Code   RO         1640    i.HAL_RCCEx_PeriphCLKConfig  stm32f1xx_hal_rcc_ex.o
    0x0800359c   0x0800359c   0x0000012c   Code   RO         1536    i.HAL_RCC_ClockConfig  stm32f1xx_hal_rcc.o
    0x080036c8   0x080036c8   0x00000020   Code   RO         1543    i.HAL_RCC_GetPCLK1Freq  stm32f1xx_hal_rcc.o
    0x080036e8   0x080036e8   0x00000020   Code   RO         1544    i.HAL_RCC_GetPCLK2Freq  stm32f1xx_hal_rcc.o
    0x08003708   0x08003708   0x0000004c   Code   RO         1545    i.HAL_RCC_GetSysClockFreq  stm32f1xx_hal_rcc.o
    0x08003754   0x08003754   0x00000320   Code   RO         1548    i.HAL_RCC_OscConfig  stm32f1xx_hal_rcc.o
    0x08003a74   0x08003a74   0x000000d8   Code   RO         2345    i.HAL_RTC_GetTime   stm32f1xx_hal_rtc.o
    0x08003b4c   0x08003b4c   0x00000094   Code   RO         2346    i.HAL_RTC_Init      stm32f1xx_hal_rtc.o
    0x08003be0   0x08003be0   0x00000034   Code   RO          651    i.HAL_RTC_MspInit   rtc.o
    0x08003c14   0x08003c14   0x000000ac   Code   RO         2353    i.HAL_RTC_SetTime   stm32f1xx_hal_rtc.o
    0x08003cc0   0x08003cc0   0x0000003a   Code   RO         2354    i.HAL_RTC_WaitForSynchro  stm32f1xx_hal_rtc.o
    0x08003cfa   0x08003cfa   0x00000028   Code   RO         1849    i.HAL_SYSTICK_Config  stm32f1xx_hal_cortex.o
    0x08003d22   0x08003d22   0x00000002   PAD
    0x08003d24   0x08003d24   0x00000068   Code   RO         3335    i.HAL_TIMEx_MasterConfigSynchronization  stm32f1xx_hal_tim_ex.o
    0x08003d8c   0x08003d8c   0x0000005a   Code   RO         2612    i.HAL_TIM_Base_Init  stm32f1xx_hal_tim.o
    0x08003de6   0x08003de6   0x00000002   PAD
    0x08003de8   0x08003de8   0x00000028   Code   RO          693    i.HAL_TIM_Base_MspInit  tim.o
    0x08003e10   0x08003e10   0x0000004c   Code   RO          694    i.HAL_TIM_MspPostInit  tim.o
    0x08003e5c   0x08003e5c   0x000000cc   Code   RO         2684    i.HAL_TIM_PWM_ConfigChannel  stm32f1xx_hal_tim.o
    0x08003f28   0x08003f28   0x0000005a   Code   RO         2687    i.HAL_TIM_PWM_Init  stm32f1xx_hal_tim.o
    0x08003f82   0x08003f82   0x00000002   Code   RO         2689    i.HAL_TIM_PWM_MspInit  stm32f1xx_hal_tim.o
    0x08003f84   0x08003f84   0x0000009c   Code   RO         2692    i.HAL_TIM_PWM_Start  stm32f1xx_hal_tim.o
    0x08004020   0x08004020   0x00000056   Code   RO         2701    i.HAL_TIM_SlaveConfigSynchro  stm32f1xx_hal_tim.o
    0x08004076   0x08004076   0x00000002   Code   RO         3595    i.HAL_UARTEx_RxEventCallback  stm32f1xx_hal_uart.o
    0x08004078   0x08004078   0x00000002   Code   RO         3609    i.HAL_UART_ErrorCallback  stm32f1xx_hal_uart.o
    0x0800407a   0x0800407a   0x00000002   PAD
    0x0800407c   0x0800407c   0x0000026c   Code   RO         3612    i.HAL_UART_IRQHandler  stm32f1xx_hal_uart.o
    0x080042e8   0x080042e8   0x00000064   Code   RO         3613    i.HAL_UART_Init     stm32f1xx_hal_uart.o
    0x0800434c   0x0800434c   0x00000080   Code   RO          741    i.HAL_UART_MspInit  usart.o
    0x080043cc   0x080043cc   0x00000002   Code   RO         3619    i.HAL_UART_RxCpltCallback  stm32f1xx_hal_uart.o
    0x080043ce   0x080043ce   0x000000a0   Code   RO         3621    i.HAL_UART_Transmit  stm32f1xx_hal_uart.o
    0x0800446e   0x0800446e   0x00000002   Code   RO         3624    i.HAL_UART_TxCpltCallback  stm32f1xx_hal_uart.o
    0x08004470   0x08004470   0x00000002   Code   RO          784    i.HardFault_Handler  stm32f1xx_it.o
    0x08004472   0x08004472   0x0000002e   Code   RO          978    i.I2C_IsAcknowledgeFailed  stm32f1xx_hal_i2c.o
    0x080044a0   0x080044a0   0x000000a8   Code   RO          989    i.I2C_RequestMemoryWrite  stm32f1xx_hal_i2c.o
    0x08004548   0x08004548   0x00000056   Code   RO          993    i.I2C_WaitOnBTFFlagUntilTimeout  stm32f1xx_hal_i2c.o
    0x0800459e   0x0800459e   0x00000002   PAD
    0x080045a0   0x080045a0   0x00000090   Code   RO          994    i.I2C_WaitOnFlagUntilTimeout  stm32f1xx_hal_i2c.o
    0x08004630   0x08004630   0x000000bc   Code   RO          995    i.I2C_WaitOnMasterAddressFlagUntilTimeout  stm32f1xx_hal_i2c.o
    0x080046ec   0x080046ec   0x00000056   Code   RO          997    i.I2C_WaitOnTXEFlagUntilTimeout  stm32f1xx_hal_i2c.o
    0x08004742   0x08004742   0x00000002   Code   RO          317    i.Key_Init          key.o
    0x08004744   0x08004744   0x00000084   Code   RO          318    i.Key_Scan          key.o
    0x080047c8   0x080047c8   0x000000c8   Code   RO          584    i.MX_GPIO_Init      gpio.o
    0x08004890   0x08004890   0x00000040   Code   RO          610    i.MX_I2C1_Init      i2c.o
    0x080048d0   0x080048d0   0x00000030   Code   RO          652    i.MX_RTC_Init       rtc.o
    0x08004900   0x08004900   0x000000a4   Code   RO          695    i.MX_TIM3_Init      tim.o
    0x080049a4   0x080049a4   0x00000038   Code   RO          742    i.MX_USART1_UART_Init  usart.o
    0x080049dc   0x080049dc   0x00000002   Code   RO          785    i.MemManage_Handler  stm32f1xx_it.o
    0x080049de   0x080049de   0x00000002   Code   RO          786    i.NMI_Handler       stm32f1xx_it.o
    0x080049e0   0x080049e0   0x00000010   Code   RO          197    i.OLED_Clear        oled.o
    0x080049f0   0x080049f0   0x00000040   Code   RO          198    i.OLED_Display      oled.o
    0x08004a30   0x08004a30   0x0000002c   Code   RO          199    i.OLED_DrawPoint    oled.o
    0x08004a5c   0x08004a5c   0x000000b8   Code   RO          200    i.OLED_Init         oled.o
    0x08004b14   0x08004b14   0x000000d0   Code   RO          205    i.OLED_ShowChar     oled.o
    0x08004be4   0x08004be4   0x0000003e   Code   RO          208    i.OLED_ShowString   oled.o
    0x08004c22   0x08004c22   0x00000002   PAD
    0x08004c24   0x08004c24   0x00000024   Code   RO          209    i.OLED_WriteCmd     oled.o
    0x08004c48   0x08004c48   0x00000024   Code   RO          210    i.OLED_WriteData    oled.o
    0x08004c6c   0x08004c6c   0x0000011c   Code   RO          357    i.PID_Calculate     pid.o
    0x08004d88   0x08004d88   0x00000018   Code   RO          358    i.PID_Init          pid.o
    0x08004da0   0x08004da0   0x0000000a   Code   RO          359    i.PID_Reset         pid.o
    0x08004daa   0x08004daa   0x00000002   Code   RO          787    i.PendSV_Handler    stm32f1xx_it.o
    0x08004dac   0x08004dac   0x000000c4   Code   RO          501    i.ProcessKey        main.o
    0x08004e70   0x08004e70   0x00000108   Code   RO          502    i.ProcessUartCmd    main.o
    0x08004f78   0x08004f78   0x00000012   Code   RO         2355    i.RTC_Bcd2ToByte    stm32f1xx_hal_rtc.o
    0x08004f8a   0x08004f8a   0x00000016   Code   RO         2356    i.RTC_ByteToBcd2    stm32f1xx_hal_rtc.o
    0x08004fa0   0x08004fa0   0x000000ae   Code   RO         2357    i.RTC_DateUpdate    stm32f1xx_hal_rtc.o
    0x0800504e   0x0800504e   0x00000034   Code   RO         2358    i.RTC_EnterInitMode  stm32f1xx_hal_rtc.o
    0x08005082   0x08005082   0x00000002   PAD
    0x08005084   0x08005084   0x00000036   Code   RO         2359    i.RTC_ExitInitMode  stm32f1xx_hal_rtc.o
    0x080050ba   0x080050ba   0x0000000e   Code   RO         2360    i.RTC_ReadAlarmCounter  stm32f1xx_hal_rtc.o
    0x080050c8   0x080050c8   0x00000020   Code   RO         2361    i.RTC_ReadTimeCounter  stm32f1xx_hal_rtc.o
    0x080050e8   0x080050e8   0x00000056   Code   RO         2362    i.RTC_WeekDayNum    stm32f1xx_hal_rtc.o
    0x0800513e   0x0800513e   0x00000028   Code   RO         2363    i.RTC_WriteAlarmCounter  stm32f1xx_hal_rtc.o
    0x08005166   0x08005166   0x00000028   Code   RO         2364    i.RTC_WriteTimeCounter  stm32f1xx_hal_rtc.o
    0x0800518e   0x0800518e   0x00000002   Code   RO          788    i.SVC_Handler       stm32f1xx_it.o
    0x08005190   0x08005190   0x00000004   Code   RO          789    i.SysTick_Handler   stm32f1xx_it.o
    0x08005194   0x08005194   0x00000080   Code   RO          503    i.SystemClock_Config  main.o
    0x08005214   0x08005214   0x00000002   Code   RO         3947    i.SystemInit        system_stm32f1xx.o
    0x08005216   0x08005216   0x00000002   PAD
    0x08005218   0x08005218   0x00000078   Code   RO         2705    i.TIM_Base_SetConfig  stm32f1xx_hal_tim.o
    0x08005290   0x08005290   0x0000001a   Code   RO         2706    i.TIM_CCxChannelCmd  stm32f1xx_hal_tim.o
    0x080052aa   0x080052aa   0x00000014   Code   RO         2716    i.TIM_ETR_SetConfig  stm32f1xx_hal_tim.o
    0x080052be   0x080052be   0x00000002   PAD
    0x080052c0   0x080052c0   0x00000050   Code   RO         2718    i.TIM_OC1_SetConfig  stm32f1xx_hal_tim.o
    0x08005310   0x08005310   0x00000058   Code   RO         2719    i.TIM_OC2_SetConfig  stm32f1xx_hal_tim.o
    0x08005368   0x08005368   0x00000058   Code   RO         2720    i.TIM_OC3_SetConfig  stm32f1xx_hal_tim.o
    0x080053c0   0x080053c0   0x00000044   Code   RO         2721    i.TIM_OC4_SetConfig  stm32f1xx_hal_tim.o
    0x08005404   0x08005404   0x0000008c   Code   RO         2722    i.TIM_SlaveTimer_SetConfig  stm32f1xx_hal_tim.o
    0x08005490   0x08005490   0x00000022   Code   RO         2723    i.TIM_TI1_ConfigInputStage  stm32f1xx_hal_tim.o
    0x080054b2   0x080054b2   0x00000024   Code   RO         2725    i.TIM_TI2_ConfigInputStage  stm32f1xx_hal_tim.o
    0x080054d6   0x080054d6   0x00000010   Code   RO         3626    i.UART_DMAAbortOnError  stm32f1xx_hal_uart.o
    0x080054e6   0x080054e6   0x0000004e   Code   RO         3636    i.UART_EndRxTransfer  stm32f1xx_hal_uart.o
    0x08005534   0x08005534   0x00000010   Code   RO          445    i.UART_Init         usart_com.o
    0x08005544   0x08005544   0x00000028   Code   RO          446    i.UART_Printf       usart_com.o
    0x0800556c   0x0800556c   0x00000050   Code   RO          447    i.UART_ProcessRx    usart_com.o
    0x080055bc   0x080055bc   0x000000c2   Code   RO         3638    i.UART_Receive_IT   stm32f1xx_hal_uart.o
    0x0800567e   0x0800567e   0x00000002   PAD
    0x08005680   0x08005680   0x00000010   Code   RO          448    i.UART_Send         usart_com.o
    0x08005690   0x08005690   0x00000080   Code   RO          504    i.UART_SendData     main.o
    0x08005710   0x08005710   0x000000b8   Code   RO         3639    i.UART_SetConfig    stm32f1xx_hal_uart.o
    0x080057c8   0x080057c8   0x00000072   Code   RO         3642    i.UART_WaitOnFlagUntilTimeout  stm32f1xx_hal_uart.o
    0x0800583a   0x0800583a   0x00000002   PAD
    0x0800583c   0x0800583c   0x0000000c   Code   RO          790    i.USART1_IRQHandler  stm32f1xx_it.o
    0x08005848   0x08005848   0x00000002   Code   RO          791    i.UsageFault_Handler  stm32f1xx_it.o
    0x0800584a   0x0800584a   0x00000028   Code   RO         4243    i.__ARM_fpclassify  m_ws.l(fpclassify.o)
    0x08005872   0x08005872   0x00000020   Code   RO         1851    i.__NVIC_SetPriority  stm32f1xx_hal_cortex.o
    0x08005892   0x08005892   0x0000000e   Code   RO         4427    i.__mathlib_dbl_overflow  m_ws.l(dunder.o)
    0x080058a0   0x080058a0   0x00000010   Code   RO         4429    i.__mathlib_dbl_underflow  m_ws.l(dunder.o)
    0x080058b0   0x080058b0   0x00000010   Code   RO         4330    i.__mathlib_narrow  m_ws.l(narrow.o)
    0x080058c0   0x080058c0   0x000000bc   Code   RO         4331    i.__mathlib_tofloat  m_ws.l(narrow.o)
    0x0800597c   0x0800597c   0x00000016   Code   RO         4383    i.__support_ldexp   m_ws.l(ldexp.o)
    0x08005992   0x08005992   0x0000000e   Code   RO         4007    i._is_digit         c_w.l(__printf_wp.o)
    0x080059a0   0x080059a0   0x0000002a   Code   RO         4070    i.atof              m_ws.l(atof.o)
    0x080059ca   0x080059ca   0x00000002   PAD
    0x080059cc   0x080059cc   0x00000028   Code   RO           23    i.delay_us          ds18b20.o
    0x080059f4   0x080059f4   0x00000058   Code   RO         4356    i.frexp             m_ws.l(frexp.o)
    0x08005a4c   0x08005a4c   0x00000074   Code   RO         4384    i.ldexp             m_ws.l(ldexp.o)
    0x08005ac0   0x08005ac0   0x000001f0   Code   RO          505    i.main              main.o
    0x08005cb0   0x08005cb0   0x0000002c   Code   RO         4235    locale$$code        c_w.l(lc_numeric_c.o)
    0x08005cdc   0x08005cdc   0x0000002c   Code   RO         4314    locale$$code        c_w.l(lc_ctype_c.o)
    0x08005d08   0x08005d08   0x00000062   Code   RO         4031    x$fpl$d2f           fz_ws.l(d2f.o)
    0x08005d6a   0x08005d6a   0x00000002   PAD
    0x08005d6c   0x08005d6c   0x00000010   Code   RO         4421    x$fpl$dcheck1       fz_ws.l(dcheck1.o)
    0x08005d7c   0x08005d7c   0x00000018   Code   RO         4376    x$fpl$dcmpinf       fz_ws.l(dcmpi.o)
    0x08005d94   0x08005d94   0x00000078   Code   RO         4351    x$fpl$deqf          fz_ws.l(deqf.o)
    0x08005e0c   0x08005e0c   0x00000078   Code   RO         4378    x$fpl$dleqf         fz_ws.l(dleqf.o)
    0x08005e84   0x08005e84   0x0000009c   Code   RO         4146    x$fpl$dnaninf       fz_ws.l(dnaninf.o)
    0x08005f20   0x08005f20   0x0000000c   Code   RO         4148    x$fpl$dretinf       fz_ws.l(dretinf.o)
    0x08005f2c   0x08005f2c   0x0000006c   Code   RO         4353    x$fpl$drleqf        fz_ws.l(drleqf.o)
    0x08005f98   0x08005f98   0x00000056   Code   RO         4033    x$fpl$f2d           fz_ws.l(f2d.o)
    0x08005fee   0x08005fee   0x00000002   PAD
    0x08005ff0   0x08005ff0   0x000000c4   Code   RO         4035    x$fpl$fadd          fz_ws.l(faddsub_clz.o)
    0x080060b4   0x080060b4   0x0000000c   Code   RO         4150    x$fpl$fcheck1       fz_ws.l(fcheck1.o)
    0x080060c0   0x080060c0   0x00000018   Code   RO         4152    x$fpl$fcmpinf       fz_ws.l(fcmpi.o)
    0x080060d8   0x080060d8   0x00000184   Code   RO         4042    x$fpl$fdiv          fz_ws.l(fdiv.o)
    0x0800625c   0x0800625c   0x00000036   Code   RO         4045    x$fpl$ffix          fz_ws.l(ffix.o)
    0x08006292   0x08006292   0x00000002   PAD
    0x08006294   0x08006294   0x0000003e   Code   RO         4049    x$fpl$ffixu         fz_ws.l(ffixu.o)
    0x080062d2   0x080062d2   0x00000002   PAD
    0x080062d4   0x080062d4   0x00000030   Code   RO         4054    x$fpl$fflt          fz_ws.l(fflt_clz.o)
    0x08006304   0x08006304   0x00000026   Code   RO         4053    x$fpl$ffltu         fz_ws.l(fflt_clz.o)
    0x0800632a   0x0800632a   0x00000002   PAD
    0x0800632c   0x0800632c   0x00000068   Code   RO         4059    x$fpl$fleqf         fz_ws.l(fleqf.o)
    0x08006394   0x08006394   0x00000102   Code   RO         4061    x$fpl$fmul          fz_ws.l(fmul.o)
    0x08006496   0x08006496   0x0000008c   Code   RO         4154    x$fpl$fnaninf       fz_ws.l(fnaninf.o)
    0x08006522   0x08006522   0x0000000a   Code   RO         4156    x$fpl$fretinf       fz_ws.l(fretinf.o)
    0x0800652c   0x0800652c   0x00000062   Code   RO         4063    x$fpl$frleqf        fz_ws.l(frleqf.o)
    0x0800658e   0x0800658e   0x00000014   Code   RO         4036    x$fpl$frsb          fz_ws.l(faddsub_clz.o)
    0x080065a2   0x080065a2   0x00000002   PAD
    0x080065a4   0x080065a4   0x000000ea   Code   RO         4037    x$fpl$fsub          fz_ws.l(faddsub_clz.o)
    0x0800668e   0x0800668e   0x00000006   Code   RO         4237    x$fpl$ieeestatus    fz_ws.l(istatus.o)
    0x08006694   0x08006694   0x00000004   Code   RO         4065    x$fpl$printf1       fz_ws.l(printf1.o)
    0x08006698   0x08006698   0x00000004   Code   RO         4158    x$fpl$printf2       fz_ws.l(printf2.o)
    0x0800669c   0x0800669c   0x00000064   Code   RO         4239    x$fpl$retnan        fz_ws.l(retnan.o)
    0x08006700   0x08006700   0x0000005c   Code   RO         4380    x$fpl$scalbn        fz_ws.l(scalbn.o)
    0x0800675c   0x0800675c   0x0000004c   Code   RO         4067    x$fpl$scalbnf       fz_ws.l(scalbnf.o)
    0x080067a8   0x080067a8   0x00000004   Code   RO         4241    x$fpl$scanf1        fz_ws.l(scanf1.o)
    0x080067ac   0x080067ac   0x00000008   Code   RO         4324    x$fpl$scanf2        fz_ws.l(scanf2.o)
    0x080067b4   0x080067b4   0x00000030   Code   RO         4309    x$fpl$trapveneer    fz_ws.l(trapv.o)
    0x080067e4   0x080067e4   0x00000000   Code   RO         4164    x$fpl$usenofp       fz_ws.l(usenofp.o)
    0x080067e4   0x080067e4   0x0000082a   Data   RO          212    .constdata          oled.o
    0x0800700e   0x0800700e   0x0000001a   Data   RO          319    .constdata          key.o
    0x08007028   0x08007028   0x00000012   Data   RO         1549    .constdata          stm32f1xx_hal_rcc.o
    0x0800703a   0x0800703a   0x00000012   Data   RO         1641    .constdata          stm32f1xx_hal_rcc_ex.o
    0x0800704c   0x0800704c   0x00000010   Data   RO         3948    .constdata          system_stm32f1xx.o
    0x0800705c   0x0800705c   0x00000008   Data   RO         3949    .constdata          system_stm32f1xx.o
    0x08007064   0x08007064   0x00000011   Data   RO         4015    .constdata          c_w.l(__printf_flags_ss_wp.o)
    0x08007075   0x08007075   0x00000003   PAD
    0x08007078   0x08007078   0x00000008   Data   RO         4093    .constdata          c_w.l(_printf_wctomb.o)
    0x08007080   0x08007080   0x00000028   Data   RO         4122    .constdata          c_w.l(_printf_hex_int_ll_ptr.o)
    0x080070a8   0x080070a8   0x00000026   Data   RO         4195    .constdata          c_w.l(_printf_fp_hex.o)
    0x080070ce   0x080070ce   0x00000002   PAD
    0x080070d0   0x080070d0   0x00000094   Data   RO         4208    .constdata          c_w.l(bigflt0.o)
    0x08007164   0x08007164   0x00000020   Data   RO         4474    Region$$Table       anon$$obj.o
    0x08007184   0x08007184   0x00000008   Data   RO         4318    c$$dinf             fz_ws.l(fpconst.o)
    0x0800718c   0x0800718c   0x00000008   Data   RO         4321    c$$dmax             fz_ws.l(fpconst.o)
    0x08007194   0x08007194   0x0000001c   Data   RO         4234    locale$$data        c_w.l(lc_numeric_c.o)
    0x080071b0   0x080071b0   0x00000110   Data   RO         4313    locale$$data        c_w.l(lc_ctype_c.o)


    Execution Region RW_IRAM1 (Exec base: 0x20000000, Load base: 0x080072c0, Size: 0x00000c78, Max: 0x00005000, ABSOLUTE)

    Exec Addr    Load Addr    Size         Type   Attr      Idx    E Section Name        Object

    0x20000000   0x080072c0   0x00000004   Data   RW          450    .data               usart_com.o
    0x20000004   0x080072c4   0x00000028   Data   RW          507    .data               main.o
    0x2000002c   0x080072ec   0x0000000c   Data   RW         1386    .data               stm32f1xx_hal.o
    0x20000038   0x080072f8   0x00000004   Data   RW         3950    .data               system_stm32f1xx.o
    0x2000003c        -       0x00000400   Zero   RW          211    .bss                oled.o
    0x2000043c        -       0x000000c0   Zero   RW          449    .bss                usart_com.o
    0x200004fc        -       0x00000024   Zero   RW          506    .bss                main.o
    0x20000520        -       0x00000054   Zero   RW          611    .bss                i2c.o
    0x20000574        -       0x00000014   Zero   RW          653    .bss                rtc.o
    0x20000588        -       0x00000048   Zero   RW          696    .bss                tim.o
    0x200005d0        -       0x00000048   Zero   RW          743    .bss                usart.o
    0x20000618        -       0x00000060   Zero   RW         4246    .bss                c_w.l(libspace.o)
    0x20000678        -       0x00000200   Zero   RW            2    HEAP                startup_stm32f103xb.o
    0x20000878        -       0x00000400   Zero   RW            1    STACK               startup_stm32f103xb.o


==============================================================================

Image component sizes


      Code (inc. data)   RO Data    RW Data    ZI Data      Debug   Object Name

       280         30          0          0          0       3137   control.o
       466         32          0          0          0     444667   ds18b20.o
       200         12          0          0          0        983   gpio.o
       156         26          0          0         84       1645   i2c.o
       134         10         26          0          0       1590   key.o
      1720        470          0         40         36       6886   main.o
       650         36       2090          0       1024       6230   oled.o
       318         14          0          0          0       2771   pid.o
       100         22          0          0         20       1531   rtc.o
        64         26        236          0       1536        804   startup_stm32f103xb.o
       164         28          0         12          0       5933   stm32f1xx_hal.o
       198         14          0          0          0      28959   stm32f1xx_hal_cortex.o
       222          4          0          0          0       1783   stm32f1xx_hal_dma.o
       500         34          0          0          0       3535   stm32f1xx_hal_gpio.o
      1414         32          0          0          0       9415   stm32f1xx_hal_i2c.o
        60          8          0          0          0        882   stm32f1xx_hal_msp.o
        12          4          0          0          0        519   stm32f1xx_hal_pwr.o
      1240         84         18          0          0       5136   stm32f1xx_hal_rcc.o
       400         28         18          0          0       2477   stm32f1xx_hal_rcc_ex.o
      1126          8          0          0          0      10992   stm32f1xx_hal_rtc.o
      1328         52          0          0          0      12669   stm32f1xx_hal_tim.o
       104         12          0          0          0       1364   stm32f1xx_hal_tim_ex.o
      1474         10          0          0          0      10144   stm32f1xx_hal_uart.o
        32          6          0          0          0       4342   stm32f1xx_it.o
         2          0         24          4          0       1131   system_stm32f1xx.o
       280         30          0          0         72       2308   tim.o
       184         20          0          0         72       1702   usart.o
       152         30          0          4        192       2898   usart_com.o

    ----------------------------------------------------------------------
     13010       1082       2444         60       3036     576433   Object Totals
         0          0         32          0          0          0   (incl. Generated)
        30          0          0          0          0          0   (incl. Padding)

    ----------------------------------------------------------------------

      Code (inc. data)   RO Data    RW Data    ZI Data      Debug   Library Member Name

        56          6          0          0          0         88   __2snprintf.o
         8          0          0          0          0         68   __main.o
       392          4         17          0          0         92   __printf_flags_ss_wp.o
        14          0          0          0          0         68   __printf_wp.o
         0          0          0          0          0          0   __rtentry.o
        12          0          0          0          0          0   __rtentry2.o
         6          0          0          0          0          0   __rtentry4.o
        52          8          0          0          0          0   __scatter.o
        26          0          0          0          0          0   __scatter_copy.o
        28          0          0          0          0          0   __scatter_zi.o
        28          0          0          0          0         68   _chval.o
         6          0          0          0          0          0   _printf_a.o
         6          0          0          0          0          0   _printf_c.o
        44          0          0          0          0        108   _printf_char.o
        48          6          0          0          0         96   _printf_char_common.o
        40          0          0          0          0         68   _printf_charcount.o
         6          0          0          0          0          0   _printf_d.o
       120         16          0          0          0         92   _printf_dec.o
         6          0          0          0          0          0   _printf_e.o
         6          0          0          0          0          0   _printf_f.o
      1054          0          0          0          0        216   _printf_fp_dec.o
       764          8         38          0          0        100   _printf_fp_hex.o
       128         16          0          0          0         84   _printf_fp_infnan.o
         6          0          0          0          0          0   _printf_g.o
       148          4         40          0          0        160   _printf_hex_int_ll_ptr.o
         6          0          0          0          0          0   _printf_i.o
       178          0          0          0          0         88   _printf_intcommon.o
        10          0          0          0          0          0   _printf_l.o
         6          0          0          0          0          0   _printf_lc.o
        10          0          0          0          0          0   _printf_ll.o
         6          0          0          0          0          0   _printf_lld.o
         6          0          0          0          0          0   _printf_lli.o
         6          0          0          0          0          0   _printf_llo.o
         6          0          0          0          0          0   _printf_llu.o
         6          0          0          0          0          0   _printf_llx.o
       124         16          0          0          0         92   _printf_longlong_dec.o
         6          0          0          0          0          0   _printf_ls.o
         6          0          0          0          0          0   _printf_n.o
         6          0          0          0          0          0   _printf_o.o
       112         10          0          0          0        124   _printf_oct_int_ll.o
         6          0          0          0          0          0   _printf_p.o
        78          0          0          0          0        108   _printf_pad.o
         0          0          0          0          0          0   _printf_percent.o
         4          0          0          0          0          0   _printf_percent_end.o
         6          0          0          0          0          0   _printf_s.o
        82          0          0          0          0         80   _printf_str.o
        36          0          0          0          0         84   _printf_truncate.o
         6          0          0          0          0          0   _printf_u.o
        44          0          0          0          0        108   _printf_wchar.o
       188          6          8          0          0         92   _printf_wctomb.o
         6          0          0          0          0          0   _printf_x.o
        22          0          0          0          0        100   _rserrno.o
        64          0          0          0          0         84   _sgetc.o
        16          0          0          0          0         68   _snputc.o
        10          0          0          0          0         68   _sputc.o
        64          0          0          0          0         92   _wcrtomb.o
       228          4        148          0          0         96   bigflt0.o
      2152        136          0          0          0        960   btod.o
        18          0          0          0          0         80   exit.o
         6          0          0          0          0        152   heapauxi.o
         0          0          0          0          0          0   indicate_semi.o
        18          0          0          0          0         76   isspace.o
        44         10        272          0          0         76   lc_ctype_c.o
        44         10         28          0          0         76   lc_numeric_c.o
         2          0          0          0          0          0   libinit.o
        30          0          0          0          0          0   libinit2.o
         2          0          0          0          0          0   libshutdown.o
         2          0          0          0          0          0   libshutdown2.o
         8          4          0          0         96         68   libspace.o
        38          0          0          0          0         68   llshl.o
       138          0          0          0          0         80   lludiv10.o
        16          4          0          0          0         76   rt_ctype_table.o
         8          4          0          0          0         68   rt_errno_addr_intlibspace.o
         8          4          0          0          0         68   rt_locale_intlibspace.o
        68          0          0          0          0         68   rt_memclr.o
        78          0          0          0          0         80   rt_memclr_w.o
         2          0          0          0          0          0   rtexit.o
        10          0          0          0          0          0   rtexit2.o
      1272         16          0          0          0        168   scanf_fp.o
       800         14          0          0          0        100   scanf_hexfp.o
       308         16          0          0          0        100   scanf_infnan.o
       128          0          0          0          0         68   strcmpv7m.o
       150          0          0          0          0         80   strncmp.o
       164         14          0          0          0        120   strtod.o
        12          4          0          0          0         68   sys_exit.o
        74          0          0          0          0         80   sys_stackheap_outer.o
         2          0          0          0          0         68   use_no_semi.o
        52          4          0          0          0         80   vsnprintf.o
        98          4          0          0          0         92   d2f.o
        16          4          0          0          0         68   dcheck1.o
        24          0          0          0          0         68   dcmpi.o
       120          4          0          0          0         92   deqf.o
       120          4          0          0          0         92   dleqf.o
       156          4          0          0          0         92   dnaninf.o
        12          0          0          0          0         68   dretinf.o
       108          0          0          0          0         80   drleqf.o
        86          4          0          0          0         84   f2d.o
       450          8          0          0          0        236   faddsub_clz.o
        12          4          0          0          0         68   fcheck1.o
        24          0          0          0          0         68   fcmpi.o
       388         76          0          0          0         96   fdiv.o
        54          4          0          0          0         84   ffix.o
        62          4          0          0          0         84   ffixu.o
        86          0          0          0          0        136   fflt_clz.o
       104          4          0          0          0         84   fleqf.o
       258          4          0          0          0         84   fmul.o
       140          4          0          0          0         84   fnaninf.o
         0          0         16          0          0          0   fpconst.o
        10          0          0          0          0         68   fretinf.o
        98          0          0          0          0         68   frleqf.o
         6          0          0          0          0         68   istatus.o
         4          0          0          0          0         68   printf1.o
         4          0          0          0          0         68   printf2.o
       100          0          0          0          0         68   retnan.o
        92          0          0          0          0         68   scalbn.o
        76          0          0          0          0         68   scalbnf.o
         4          0          0          0          0         68   scanf1.o
         8          0          0          0          0         84   scanf2.o
        48          0          0          0          0         68   trapv.o
         0          0          0          0          0          0   usenofp.o
        42          0          0          0          0         84   atof.o
        30          6          0          0          0        136   dunder.o
        40          0          0          0          0         68   fpclassify.o
        88          8          0          0          0         76   frexp.o
       138          0          0          0          0        160   ldexp.o
       204          4          0          0          0        168   narrow.o

    ----------------------------------------------------------------------
     13350        494        572          0         96       8736   Library Totals
        28          0          5          0          0          0   (incl. Padding)

    ----------------------------------------------------------------------

      Code (inc. data)   RO Data    RW Data    ZI Data      Debug   Library Name

     10012        344        551          0         96       5520   c_w.l
      2768        132         16          0          0       2524   fz_ws.l
       542         18          0          0          0        692   m_ws.l

    ----------------------------------------------------------------------
     13350        494        572          0         96       8736   Library Totals

    ----------------------------------------------------------------------

==============================================================================


      Code (inc. data)   RO Data    RW Data    ZI Data      Debug   

     26360       1576       3016         60       3132     573205   Grand Totals
     26360       1576       3016         60       3132     573205   ELF Image Totals
     26360       1576       3016         60          0          0   ROM Totals

==============================================================================

    Total RO  Size (Code + RO Data)                29376 (  28.69kB)
    Total RW  Size (RW Data + ZI Data)              3192 (   3.12kB)
    Total ROM Size (Code + RO Data + RW Data)      29436 (  28.75kB)

==============================================================================

